Archive member included to satisfy reference by file (symbol)

c:/intelfpga_lite/18.1/nios2eds/bin/gnu/h-x86_64-mingw32/bin/../lib/gcc/nios2-elf/5.3.0\libgcc.a(lib2-divmod.o)
                              obj/default/pantilt/pwm/pwm.o (__udivsi3)
../pantiltcontroll_bsp/\libhal_bsp.a(alt_load.o)
                              ../pantiltcontroll_bsp//obj/HAL/src/crt0.o (alt_load)
../pantiltcontroll_bsp/\libhal_bsp.a(alt_main.o)
                              ../pantiltcontroll_bsp//obj/HAL/src/crt0.o (alt_main)
../pantiltcontroll_bsp/\libhal_bsp.a(alt_usleep.o)
                              obj/default/app.o (usleep)
../pantiltcontroll_bsp/\libhal_bsp.a(alt_sys_init.o)
                              ../pantiltcontroll_bsp/\libhal_bsp.a(alt_main.o) (alt_irq_init)
../pantiltcontroll_bsp/\libhal_bsp.a(altera_avalon_jtag_uart_fd.o)
                              ../pantiltcontroll_bsp/\libhal_bsp.a(alt_sys_init.o) (altera_avalon_jtag_uart_read_fd)
../pantiltcontroll_bsp/\libhal_bsp.a(altera_avalon_jtag_uart_init.o)
                              ../pantiltcontroll_bsp/\libhal_bsp.a(alt_sys_init.o) (altera_avalon_jtag_uart_init)
../pantiltcontroll_bsp/\libhal_bsp.a(altera_avalon_jtag_uart_ioctl.o)
                              ../pantiltcontroll_bsp/\libhal_bsp.a(altera_avalon_jtag_uart_fd.o) (altera_avalon_jtag_uart_ioctl)
../pantiltcontroll_bsp/\libhal_bsp.a(altera_avalon_jtag_uart_read.o)
                              ../pantiltcontroll_bsp/\libhal_bsp.a(altera_avalon_jtag_uart_fd.o) (altera_avalon_jtag_uart_read)
../pantiltcontroll_bsp/\libhal_bsp.a(altera_avalon_jtag_uart_write.o)
                              ../pantiltcontroll_bsp/\libhal_bsp.a(altera_avalon_jtag_uart_fd.o) (altera_avalon_jtag_uart_write)
../pantiltcontroll_bsp/\libhal_bsp.a(alt_alarm_start.o)
                              ../pantiltcontroll_bsp/\libhal_bsp.a(altera_avalon_jtag_uart_init.o) (alt_alarm_start)
../pantiltcontroll_bsp/\libhal_bsp.a(alt_busy_sleep.o)
                              ../pantiltcontroll_bsp/\libhal_bsp.a(alt_usleep.o) (alt_busy_sleep)
../pantiltcontroll_bsp/\libhal_bsp.a(alt_close.o)
                              ../pantiltcontroll_bsp/\libhal_bsp.a(alt_main.o) (close)
../pantiltcontroll_bsp/\libhal_bsp.a(alt_dcache_flush_all.o)
                              ../pantiltcontroll_bsp/\libhal_bsp.a(alt_load.o) (alt_dcache_flush_all)
../pantiltcontroll_bsp/\libhal_bsp.a(alt_dev.o)
                              ../pantiltcontroll_bsp/\libhal_bsp.a(alt_sys_init.o) (alt_dev_list)
../pantiltcontroll_bsp/\libhal_bsp.a(alt_dev_llist_insert.o)
                              ../pantiltcontroll_bsp/\libhal_bsp.a(alt_sys_init.o) (alt_dev_llist_insert)
../pantiltcontroll_bsp/\libhal_bsp.a(alt_do_ctors.o)
                              ../pantiltcontroll_bsp/\libhal_bsp.a(alt_main.o) (_do_ctors)
../pantiltcontroll_bsp/\libhal_bsp.a(alt_do_dtors.o)
                              ../pantiltcontroll_bsp/\libhal_bsp.a(alt_main.o) (_do_dtors)
../pantiltcontroll_bsp/\libhal_bsp.a(alt_errno.o)
                              ../pantiltcontroll_bsp/\libhal_bsp.a(alt_close.o) (alt_errno)
../pantiltcontroll_bsp/\libhal_bsp.a(alt_icache_flush_all.o)
                              ../pantiltcontroll_bsp/\libhal_bsp.a(alt_load.o) (alt_icache_flush_all)
../pantiltcontroll_bsp/\libhal_bsp.a(alt_iic.o)
                              ../pantiltcontroll_bsp/\libhal_bsp.a(altera_avalon_jtag_uart_init.o) (alt_ic_isr_register)
../pantiltcontroll_bsp/\libhal_bsp.a(alt_iic_isr_register.o)
                              ../pantiltcontroll_bsp/\libhal_bsp.a(alt_iic.o) (alt_iic_isr_register)
../pantiltcontroll_bsp/\libhal_bsp.a(alt_io_redirect.o)
                              ../pantiltcontroll_bsp/\libhal_bsp.a(alt_main.o) (alt_io_redirect)
../pantiltcontroll_bsp/\libhal_bsp.a(alt_irq_entry.o)
                              ../pantiltcontroll_bsp/\libhal_bsp.a(alt_iic_isr_register.o) (alt_irq_entry)
../pantiltcontroll_bsp/\libhal_bsp.a(alt_irq_handler.o)
                              ../pantiltcontroll_bsp/\libhal_bsp.a(alt_iic_isr_register.o) (alt_irq)
../pantiltcontroll_bsp/\libhal_bsp.a(alt_irq_vars.o)
                              ../pantiltcontroll_bsp/\libhal_bsp.a(alt_iic.o) (alt_irq_active)
../pantiltcontroll_bsp/\libhal_bsp.a(alt_open.o)
                              ../pantiltcontroll_bsp/\libhal_bsp.a(alt_io_redirect.o) (open)
../pantiltcontroll_bsp/\libhal_bsp.a(alt_release_fd.o)
                              ../pantiltcontroll_bsp/\libhal_bsp.a(alt_close.o) (alt_release_fd)
../pantiltcontroll_bsp/\libhal_bsp.a(alt_tick.o)
                              ../pantiltcontroll_bsp/\libhal_bsp.a(altera_avalon_jtag_uart_init.o) (_alt_tick_rate)
../pantiltcontroll_bsp/\libhal_bsp.a(altera_nios2_gen2_irq.o)
                              ../pantiltcontroll_bsp/\libhal_bsp.a(alt_sys_init.o) (altera_nios2_gen2_irq_init)
../pantiltcontroll_bsp/\libhal_bsp.a(alt_exception_entry.o)
                              ../pantiltcontroll_bsp/\libhal_bsp.a(alt_irq_entry.o) (alt_exception)
../pantiltcontroll_bsp/\libhal_bsp.a(alt_find_dev.o)
                              ../pantiltcontroll_bsp/\libhal_bsp.a(alt_open.o) (alt_find_dev)
../pantiltcontroll_bsp/\libhal_bsp.a(alt_find_file.o)
                              ../pantiltcontroll_bsp/\libhal_bsp.a(alt_open.o) (alt_find_file)
../pantiltcontroll_bsp/\libhal_bsp.a(alt_get_fd.o)
                              ../pantiltcontroll_bsp/\libhal_bsp.a(alt_open.o) (alt_get_fd)
../pantiltcontroll_bsp/\libhal_bsp.a(alt_icache_flush.o)
                              ../pantiltcontroll_bsp/\libhal_bsp.a(alt_icache_flush_all.o) (alt_icache_flush)
../pantiltcontroll_bsp/\libhal_bsp.a(alt_instruction_exception_entry.o)
                              ../pantiltcontroll_bsp/\libhal_bsp.a(alt_exception_entry.o) (alt_instruction_exception_entry)
c:/intelfpga_lite/18.1/nios2eds/bin/gnu/h-x86_64-mingw32/bin/../lib/gcc/nios2-elf/5.3.0/../../../../../H-x86_64-mingw32/nios2-elf/lib\libc.a(lib_a-atexit.o)
                              ../pantiltcontroll_bsp/\libhal_bsp.a(alt_main.o) (atexit)
c:/intelfpga_lite/18.1/nios2eds/bin/gnu/h-x86_64-mingw32/bin/../lib/gcc/nios2-elf/5.3.0/../../../../../H-x86_64-mingw32/nios2-elf/lib\libc.a(lib_a-exit.o)
                              ../pantiltcontroll_bsp/\libhal_bsp.a(alt_main.o) (exit)
c:/intelfpga_lite/18.1/nios2eds/bin/gnu/h-x86_64-mingw32/bin/../lib/gcc/nios2-elf/5.3.0/../../../../../H-x86_64-mingw32/nios2-elf/lib\libc.a(lib_a-impure.o)
                              c:/intelfpga_lite/18.1/nios2eds/bin/gnu/h-x86_64-mingw32/bin/../lib/gcc/nios2-elf/5.3.0/../../../../../H-x86_64-mingw32/nios2-elf/lib\libc.a(lib_a-exit.o) (_global_impure_ptr)
c:/intelfpga_lite/18.1/nios2eds/bin/gnu/h-x86_64-mingw32/bin/../lib/gcc/nios2-elf/5.3.0/../../../../../H-x86_64-mingw32/nios2-elf/lib\libc.a(lib_a-int_errno.o)
                              ../pantiltcontroll_bsp/\libhal_bsp.a(alt_close.o) (errno)
c:/intelfpga_lite/18.1/nios2eds/bin/gnu/h-x86_64-mingw32/bin/../lib/gcc/nios2-elf/5.3.0/../../../../../H-x86_64-mingw32/nios2-elf/lib\libc.a(lib_a-memcmp.o)
                              ../pantiltcontroll_bsp/\libhal_bsp.a(alt_find_dev.o) (memcmp)
c:/intelfpga_lite/18.1/nios2eds/bin/gnu/h-x86_64-mingw32/bin/../lib/gcc/nios2-elf/5.3.0/../../../../../H-x86_64-mingw32/nios2-elf/lib\libc.a(lib_a-memcpy.o)
                              ../pantiltcontroll_bsp/\libhal_bsp.a(altera_avalon_jtag_uart_read.o) (memcpy)
c:/intelfpga_lite/18.1/nios2eds/bin/gnu/h-x86_64-mingw32/bin/../lib/gcc/nios2-elf/5.3.0/../../../../../H-x86_64-mingw32/nios2-elf/lib\libc.a(lib_a-strlen.o)
                              ../pantiltcontroll_bsp/\libhal_bsp.a(alt_find_dev.o) (strlen)
c:/intelfpga_lite/18.1/nios2eds/bin/gnu/h-x86_64-mingw32/bin/../lib/gcc/nios2-elf/5.3.0/../../../../../H-x86_64-mingw32/nios2-elf/lib\libc.a(lib_a-__atexit.o)
                              c:/intelfpga_lite/18.1/nios2eds/bin/gnu/h-x86_64-mingw32/bin/../lib/gcc/nios2-elf/5.3.0/../../../../../H-x86_64-mingw32/nios2-elf/lib\libc.a(lib_a-atexit.o) (__register_exitproc)
c:/intelfpga_lite/18.1/nios2eds/bin/gnu/h-x86_64-mingw32/bin/../lib/gcc/nios2-elf/5.3.0/../../../../../H-x86_64-mingw32/nios2-elf/lib\libc.a(lib_a-__call_atexit.o)
                              c:/intelfpga_lite/18.1/nios2eds/bin/gnu/h-x86_64-mingw32/bin/../lib/gcc/nios2-elf/5.3.0/../../../../../H-x86_64-mingw32/nios2-elf/lib\libc.a(lib_a-exit.o) (__call_exitprocs)
../pantiltcontroll_bsp/\libhal_bsp.a(alt_exit.o)
                              c:/intelfpga_lite/18.1/nios2eds/bin/gnu/h-x86_64-mingw32/bin/../lib/gcc/nios2-elf/5.3.0/../../../../../H-x86_64-mingw32/nios2-elf/lib\libc.a(lib_a-exit.o) (_exit)

Allocating common symbols
Common symbol       size              file

alt_irq             0x100             ../pantiltcontroll_bsp/\libhal_bsp.a(alt_irq_handler.o)
errno               0x4               c:/intelfpga_lite/18.1/nios2eds/bin/gnu/h-x86_64-mingw32/bin/../lib/gcc/nios2-elf/5.3.0/../../../../../H-x86_64-mingw32/nios2-elf/lib\libc.a(lib_a-int_errno.o)

Memory Configuration

Name             Origin             Length             Attributes
reset            0x0000000000040000 0x0000000000000020
onchip_memory2   0x0000000000040020 0x0000000000031fe0
*default*        0x0000000000000000 0xffffffffffffffff

Linker script and memory map

LOAD ../pantiltcontroll_bsp//obj/HAL/src/crt0.o
LOAD obj/default/app.o
LOAD obj/default/pantilt/pantilt.o
LOAD obj/default/pantilt/pwm/pwm.o
LOAD c:/intelfpga_lite/18.1/nios2eds/bin/gnu/h-x86_64-mingw32/bin/../lib/gcc/nios2-elf/5.3.0/../../../../../H-x86_64-mingw32/nios2-elf/lib\libstdc++.a
LOAD c:/intelfpga_lite/18.1/nios2eds/bin/gnu/h-x86_64-mingw32/bin/../lib/gcc/nios2-elf/5.3.0/../../../../../H-x86_64-mingw32/nios2-elf/lib\libm.a
LOAD c:/intelfpga_lite/18.1/nios2eds/bin/gnu/h-x86_64-mingw32/bin/../lib/gcc/nios2-elf/5.3.0\libgcc.a
START GROUP
LOAD c:/intelfpga_lite/18.1/nios2eds/bin/gnu/h-x86_64-mingw32/bin/../lib/gcc/nios2-elf/5.3.0/../../../../../H-x86_64-mingw32/nios2-elf/lib\libc.a
LOAD c:/intelfpga_lite/18.1/nios2eds/bin/gnu/h-x86_64-mingw32/bin/../lib/gcc/nios2-elf/5.3.0\libgcc.a
LOAD ../pantiltcontroll_bsp/\libhal_bsp.a
LOAD c:/intelfpga_lite/18.1/nios2eds/bin/gnu/h-x86_64-mingw32/bin/../lib/gcc/nios2-elf/5.3.0/../../../../../H-x86_64-mingw32/nios2-elf/lib\libm.a
END GROUP
LOAD c:/intelfpga_lite/18.1/nios2eds/bin/gnu/h-x86_64-mingw32/bin/../lib/gcc/nios2-elf/5.3.0\libgcc.a
                0x0000000000040000                __alt_mem_onchip_memory2 = 0x40000

.entry          0x0000000000040000       0x20
 *(.entry)
 .entry         0x0000000000040000       0x20 ../pantiltcontroll_bsp//obj/HAL/src/crt0.o
                0x0000000000040000                __reset

.exceptions     0x0000000000040020      0x224
                0x0000000000040020                PROVIDE (__ram_exceptions_start, ABSOLUTE (.))
                0x0000000000040020                . = ALIGN (0x20)
 *(.irq)
 *(.exceptions.entry.label)
 .exceptions.entry.label
                0x0000000000040020        0x0 ../pantiltcontroll_bsp/\libhal_bsp.a(alt_irq_entry.o)
                0x0000000000040020                alt_irq_entry
 .exceptions.entry.label
                0x0000000000040020        0x0 ../pantiltcontroll_bsp/\libhal_bsp.a(alt_exception_entry.o)
                0x0000000000040020                alt_exception
 *(.exceptions.entry.user)
 *(.exceptions.entry.ecc_fatal)
 *(.exceptions.entry)
 .exceptions.entry
                0x0000000000040020       0x54 ../pantiltcontroll_bsp/\libhal_bsp.a(alt_exception_entry.o)
 *(.exceptions.irqtest.user)
 *(.exceptions.irqtest)
 .exceptions.irqtest
                0x0000000000040074       0x10 ../pantiltcontroll_bsp/\libhal_bsp.a(alt_irq_entry.o)
 *(.exceptions.irqhandler.user)
 *(.exceptions.irqhandler)
 .exceptions.irqhandler
                0x0000000000040084        0x4 ../pantiltcontroll_bsp/\libhal_bsp.a(alt_irq_entry.o)
 *(.exceptions.irqreturn.user)
 *(.exceptions.irqreturn)
 .exceptions.irqreturn
                0x0000000000040088        0x4 ../pantiltcontroll_bsp/\libhal_bsp.a(alt_irq_entry.o)
 *(.exceptions.notirq.label)
 .exceptions.notirq.label
                0x000000000004008c        0x0 ../pantiltcontroll_bsp/\libhal_bsp.a(alt_irq_entry.o)
 *(.exceptions.notirq.user)
 *(.exceptions.notirq)
 .exceptions.notirq
                0x000000000004008c        0x8 ../pantiltcontroll_bsp/\libhal_bsp.a(alt_exception_entry.o)
 *(.exceptions.soft.user)
 *(.exceptions.soft)
 *(.exceptions.unknown.user)
 *(.exceptions.unknown)
 .exceptions.unknown
                0x0000000000040094       0x14 ../pantiltcontroll_bsp/\libhal_bsp.a(alt_exception_entry.o)
 *(.exceptions.exit.label)
 .exceptions.exit.label
                0x00000000000400a8        0x0 ../pantiltcontroll_bsp/\libhal_bsp.a(alt_irq_entry.o)
 .exceptions.exit.label
                0x00000000000400a8        0x0 ../pantiltcontroll_bsp/\libhal_bsp.a(alt_exception_entry.o)
 *(.exceptions.exit.user)
 *(.exceptions.exit)
 .exceptions.exit
                0x00000000000400a8       0x54 ../pantiltcontroll_bsp/\libhal_bsp.a(alt_exception_entry.o)
 *(.exceptions)
 .exceptions    0x00000000000400fc       0xd4 ../pantiltcontroll_bsp/\libhal_bsp.a(alt_irq_handler.o)
                0x00000000000400fc                alt_irq_handler
 .exceptions    0x00000000000401d0       0x74 ../pantiltcontroll_bsp/\libhal_bsp.a(alt_instruction_exception_entry.o)
                0x00000000000401d0                alt_instruction_exception_entry
                0x0000000000040244                PROVIDE (__ram_exceptions_end, ABSOLUTE (.))
                0x0000000000040020                PROVIDE (__flash_exceptions_start, LOADADDR (.exceptions))

.text           0x0000000000040244     0x2ae8
                [!provide]                        PROVIDE (stext, ABSOLUTE (.))
 *(.interp)
 *(.hash)
 *(.dynsym)
 *(.dynstr)
 *(.gnu.version)
 *(.gnu.version_d)
 *(.gnu.version_r)
 *(.rel.init)
 *(.rela.init)
 *(.rel.text .rel.text.* .rel.gnu.linkonce.t.*)
 *(.rela.text .rela.text.* .rela.gnu.linkonce.t.*)
 *(.rel.fini)
 *(.rela.fini)
 *(.rel.rodata .rel.rodata.* .rel.gnu.linkonce.r.*)
 *(.rela.rodata .rela.rodata.* .rela.gnu.linkonce.r.*)
 *(.rel.data .rel.data.* .rel.gnu.linkonce.d.*)
 *(.rela.data .rela.data.* .rela.gnu.linkonce.d.*)
 *(.rel.tdata .rel.tdata.* .rel.gnu.linkonce.td.*)
 *(.rela.tdata .rela.tdata.* .rela.gnu.linkonce.td.*)
 *(.rel.tbss .rel.tbss.* .rel.gnu.linkonce.tb.*)
 *(.rela.tbss .rela.tbss.* .rela.gnu.linkonce.tb.*)
 *(.rel.ctors)
 *(.rela.ctors)
 *(.rel.dtors)
 *(.rela.dtors)
 *(.rel.got)
 *(.rela.got)
 *(.rel.sdata .rel.sdata.* .rel.gnu.linkonce.s.*)
 *(.rela.sdata .rela.sdata.* .rela.gnu.linkonce.s.*)
 *(.rel.sbss .rel.sbss.* .rel.gnu.linkonce.sb.*)
 *(.rela.sbss .rela.sbss.* .rela.gnu.linkonce.sb.*)
 *(.rel.sdata2 .rel.sdata2.* .rel.gnu.linkonce.s2.*)
 *(.rela.sdata2 .rela.sdata2.* .rela.gnu.linkonce.s2.*)
 *(.rel.sbss2 .rel.sbss2.* .rel.gnu.linkonce.sb2.*)
 *(.rela.sbss2 .rela.sbss2.* .rela.gnu.linkonce.sb2.*)
 *(.rel.bss .rel.bss.* .rel.gnu.linkonce.b.*)
 *(.rela.bss .rela.bss.* .rela.gnu.linkonce.b.*)
 *(.rel.plt)
 *(.rela.plt)
 *(.rel.dyn)
 *(.init)
 *(.plt)
 *(.text .stub .text.* .gnu.linkonce.t.*)
 .text          0x0000000000040244       0x4c ../pantiltcontroll_bsp//obj/HAL/src/crt0.o
                0x0000000000040244                _start
 .text          0x0000000000040290      0x164 obj/default/app.o
                0x0000000000040290                main
 .text          0x00000000000403f4      0x248 obj/default/pantilt/pantilt.o
                0x00000000000403f4                pantilt_inst
                0x0000000000040450                pantilt_init
                0x0000000000040498                pantilt_configure_vertical
                0x00000000000404f4                pantilt_configure_horizontal
                0x0000000000040554                pantilt_start_vertical
                0x000000000004058c                pantilt_start_horizontal
                0x00000000000405c8                pantilt_stop_vertical
                0x0000000000040600                pantilt_stop_horizontal
 .text          0x000000000004063c      0x174 obj/default/pantilt/pwm/pwm.o
                0x000000000004063c                pwm_inst
                0x0000000000040668                pwm_init
                0x000000000004069c                pwm_configure
                0x0000000000040740                pwm_start
                0x0000000000040778                pwm_stop
 .text          0x00000000000407b0      0x1b4 c:/intelfpga_lite/18.1/nios2eds/bin/gnu/h-x86_64-mingw32/bin/../lib/gcc/nios2-elf/5.3.0\libgcc.a(lib2-divmod.o)
                0x00000000000407b0                __divsi3
                0x0000000000040834                __modsi3
                0x00000000000408a8                __udivsi3
                0x000000000004090c                __umodsi3
 .text          0x0000000000040964       0xec ../pantiltcontroll_bsp/\libhal_bsp.a(alt_load.o)
                0x00000000000409cc                alt_load
 .text          0x0000000000040a50       0x7c ../pantiltcontroll_bsp/\libhal_bsp.a(alt_main.o)
                0x0000000000040a50                alt_main
 .text          0x0000000000040acc       0x30 ../pantiltcontroll_bsp/\libhal_bsp.a(alt_usleep.o)
                0x0000000000040acc                usleep
 .text          0x0000000000040afc       0xb4 ../pantiltcontroll_bsp/\libhal_bsp.a(alt_sys_init.o)
                0x0000000000040b30                alt_irq_init
                0x0000000000040b68                alt_sys_init
 .text          0x0000000000040bb0      0x164 ../pantiltcontroll_bsp/\libhal_bsp.a(altera_avalon_jtag_uart_fd.o)
                0x0000000000040bb0                altera_avalon_jtag_uart_read_fd
                0x0000000000040c10                altera_avalon_jtag_uart_write_fd
                0x0000000000040c70                altera_avalon_jtag_uart_close_fd
                0x0000000000040cc0                altera_avalon_jtag_uart_ioctl_fd
 .text          0x0000000000040d14      0x3d4 ../pantiltcontroll_bsp/\libhal_bsp.a(altera_avalon_jtag_uart_init.o)
                0x0000000000040d14                altera_avalon_jtag_uart_init
                0x0000000000041080                altera_avalon_jtag_uart_close
 .text          0x00000000000410e8       0xf0 ../pantiltcontroll_bsp/\libhal_bsp.a(altera_avalon_jtag_uart_ioctl.o)
                0x00000000000410e8                altera_avalon_jtag_uart_ioctl
 .text          0x00000000000411d8      0x21c ../pantiltcontroll_bsp/\libhal_bsp.a(altera_avalon_jtag_uart_read.o)
                0x00000000000411d8                altera_avalon_jtag_uart_read
 .text          0x00000000000413f4      0x224 ../pantiltcontroll_bsp/\libhal_bsp.a(altera_avalon_jtag_uart_write.o)
                0x00000000000413f4                altera_avalon_jtag_uart_write
 .text          0x0000000000041618      0x12c ../pantiltcontroll_bsp/\libhal_bsp.a(alt_alarm_start.o)
                0x0000000000041618                alt_alarm_start
 .text          0x0000000000041744      0x158 ../pantiltcontroll_bsp/\libhal_bsp.a(alt_busy_sleep.o)
                0x0000000000041744                alt_busy_sleep
 .text          0x000000000004189c      0x10c ../pantiltcontroll_bsp/\libhal_bsp.a(alt_close.o)
                0x00000000000418d8                close
 .text          0x00000000000419a8       0x48 ../pantiltcontroll_bsp/\libhal_bsp.a(alt_dcache_flush_all.o)
                0x00000000000419a8                alt_dcache_flush_all
 .text          0x00000000000419f0       0x2c ../pantiltcontroll_bsp/\libhal_bsp.a(alt_dev.o)
 .text          0x0000000000041a1c       0xe0 ../pantiltcontroll_bsp/\libhal_bsp.a(alt_dev_llist_insert.o)
                0x0000000000041a58                alt_dev_llist_insert
 .text          0x0000000000041afc       0x60 ../pantiltcontroll_bsp/\libhal_bsp.a(alt_do_ctors.o)
                0x0000000000041afc                _do_ctors
 .text          0x0000000000041b5c       0x60 ../pantiltcontroll_bsp/\libhal_bsp.a(alt_do_dtors.o)
                0x0000000000041b5c                _do_dtors
 .text          0x0000000000041bbc        0x0 ../pantiltcontroll_bsp/\libhal_bsp.a(alt_errno.o)
 .text          0x0000000000041bbc       0x34 ../pantiltcontroll_bsp/\libhal_bsp.a(alt_icache_flush_all.o)
                0x0000000000041bbc                alt_icache_flush_all
 .text          0x0000000000041bf0      0x1b0 ../pantiltcontroll_bsp/\libhal_bsp.a(alt_iic.o)
                0x0000000000041bf0                alt_ic_isr_register
                0x0000000000041c40                alt_ic_irq_enable
                0x0000000000041cc8                alt_ic_irq_disable
                0x0000000000041d54                alt_ic_irq_enabled
 .text          0x0000000000041da0       0xf0 ../pantiltcontroll_bsp/\libhal_bsp.a(alt_iic_isr_register.o)
                0x0000000000041da0                alt_iic_isr_register
 .text          0x0000000000041e90      0x140 ../pantiltcontroll_bsp/\libhal_bsp.a(alt_io_redirect.o)
                0x0000000000041f54                alt_io_redirect
 .text          0x0000000000041fd0        0x0 ../pantiltcontroll_bsp/\libhal_bsp.a(alt_irq_entry.o)
 .text          0x0000000000041fd0        0x0 ../pantiltcontroll_bsp/\libhal_bsp.a(alt_irq_handler.o)
 .text          0x0000000000041fd0        0x0 ../pantiltcontroll_bsp/\libhal_bsp.a(alt_irq_vars.o)
 .text          0x0000000000041fd0      0x254 ../pantiltcontroll_bsp/\libhal_bsp.a(alt_open.o)
                0x00000000000420d0                open
 .text          0x0000000000042224       0x64 ../pantiltcontroll_bsp/\libhal_bsp.a(alt_release_fd.o)
                0x0000000000042224                alt_release_fd
 .text          0x0000000000042288      0x1a4 ../pantiltcontroll_bsp/\libhal_bsp.a(alt_tick.o)
                0x0000000000042288                alt_alarm_stop
                0x0000000000042324                alt_tick
 .text          0x000000000004242c       0x24 ../pantiltcontroll_bsp/\libhal_bsp.a(altera_nios2_gen2_irq.o)
                0x000000000004242c                altera_nios2_gen2_irq_init
 .text          0x0000000000042450        0x0 ../pantiltcontroll_bsp/\libhal_bsp.a(alt_exception_entry.o)
 .text          0x0000000000042450       0x90 ../pantiltcontroll_bsp/\libhal_bsp.a(alt_find_dev.o)
                0x0000000000042450                alt_find_dev
 .text          0x00000000000424e0      0x108 ../pantiltcontroll_bsp/\libhal_bsp.a(alt_find_file.o)
                0x00000000000424e0                alt_find_file
 .text          0x00000000000425e8       0xa4 ../pantiltcontroll_bsp/\libhal_bsp.a(alt_get_fd.o)
                0x00000000000425e8                alt_get_fd
 .text          0x000000000004268c       0x90 ../pantiltcontroll_bsp/\libhal_bsp.a(alt_icache_flush.o)
                0x000000000004268c                alt_icache_flush
 .text          0x000000000004271c       0x9c ../pantiltcontroll_bsp/\libhal_bsp.a(alt_instruction_exception_entry.o)
                0x000000000004271c                alt_exception_cause_generated_bad_addr
 .text          0x00000000000427b8        0x0 c:/intelfpga_lite/18.1/nios2eds/bin/gnu/h-x86_64-mingw32/bin/../lib/gcc/nios2-elf/5.3.0/../../../../../H-x86_64-mingw32/nios2-elf/lib\libc.a(lib_a-atexit.o)
 .text.atexit   0x00000000000427b8       0x14 c:/intelfpga_lite/18.1/nios2eds/bin/gnu/h-x86_64-mingw32/bin/../lib/gcc/nios2-elf/5.3.0/../../../../../H-x86_64-mingw32/nios2-elf/lib\libc.a(lib_a-atexit.o)
                0x00000000000427b8                atexit
 .text          0x00000000000427cc        0x0 c:/intelfpga_lite/18.1/nios2eds/bin/gnu/h-x86_64-mingw32/bin/../lib/gcc/nios2-elf/5.3.0/../../../../../H-x86_64-mingw32/nios2-elf/lib\libc.a(lib_a-exit.o)
 .text.exit     0x00000000000427cc       0x38 c:/intelfpga_lite/18.1/nios2eds/bin/gnu/h-x86_64-mingw32/bin/../lib/gcc/nios2-elf/5.3.0/../../../../../H-x86_64-mingw32/nios2-elf/lib\libc.a(lib_a-exit.o)
                0x00000000000427cc                exit
 .text          0x0000000000042804        0x0 c:/intelfpga_lite/18.1/nios2eds/bin/gnu/h-x86_64-mingw32/bin/../lib/gcc/nios2-elf/5.3.0/../../../../../H-x86_64-mingw32/nios2-elf/lib\libc.a(lib_a-impure.o)
 .text          0x0000000000042804        0x0 c:/intelfpga_lite/18.1/nios2eds/bin/gnu/h-x86_64-mingw32/bin/../lib/gcc/nios2-elf/5.3.0/../../../../../H-x86_64-mingw32/nios2-elf/lib\libc.a(lib_a-int_errno.o)
 .text          0x0000000000042804        0x0 c:/intelfpga_lite/18.1/nios2eds/bin/gnu/h-x86_64-mingw32/bin/../lib/gcc/nios2-elf/5.3.0/../../../../../H-x86_64-mingw32/nios2-elf/lib\libc.a(lib_a-memcmp.o)
 .text.memcmp   0x0000000000042804       0x7c c:/intelfpga_lite/18.1/nios2eds/bin/gnu/h-x86_64-mingw32/bin/../lib/gcc/nios2-elf/5.3.0/../../../../../H-x86_64-mingw32/nios2-elf/lib\libc.a(lib_a-memcmp.o)
                0x0000000000042804                memcmp
 .text          0x0000000000042880        0x0 c:/intelfpga_lite/18.1/nios2eds/bin/gnu/h-x86_64-mingw32/bin/../lib/gcc/nios2-elf/5.3.0/../../../../../H-x86_64-mingw32/nios2-elf/lib\libc.a(lib_a-memcpy.o)
 .text.memcpy   0x0000000000042880      0x148 c:/intelfpga_lite/18.1/nios2eds/bin/gnu/h-x86_64-mingw32/bin/../lib/gcc/nios2-elf/5.3.0/../../../../../H-x86_64-mingw32/nios2-elf/lib\libc.a(lib_a-memcpy.o)
                0x0000000000042880                memcpy
 .text          0x00000000000429c8        0x0 c:/intelfpga_lite/18.1/nios2eds/bin/gnu/h-x86_64-mingw32/bin/../lib/gcc/nios2-elf/5.3.0/../../../../../H-x86_64-mingw32/nios2-elf/lib\libc.a(lib_a-strlen.o)
 .text.strlen   0x00000000000429c8       0x98 c:/intelfpga_lite/18.1/nios2eds/bin/gnu/h-x86_64-mingw32/bin/../lib/gcc/nios2-elf/5.3.0/../../../../../H-x86_64-mingw32/nios2-elf/lib\libc.a(lib_a-strlen.o)
                0x00000000000429c8                strlen
 .text          0x0000000000042a60        0x0 c:/intelfpga_lite/18.1/nios2eds/bin/gnu/h-x86_64-mingw32/bin/../lib/gcc/nios2-elf/5.3.0/../../../../../H-x86_64-mingw32/nios2-elf/lib\libc.a(lib_a-__atexit.o)
 .text.__register_exitproc
                0x0000000000042a60      0x118 c:/intelfpga_lite/18.1/nios2eds/bin/gnu/h-x86_64-mingw32/bin/../lib/gcc/nios2-elf/5.3.0/../../../../../H-x86_64-mingw32/nios2-elf/lib\libc.a(lib_a-__atexit.o)
                0x0000000000042a60                __register_exitproc
 .text          0x0000000000042b78        0x0 c:/intelfpga_lite/18.1/nios2eds/bin/gnu/h-x86_64-mingw32/bin/../lib/gcc/nios2-elf/5.3.0/../../../../../H-x86_64-mingw32/nios2-elf/lib\libc.a(lib_a-__call_atexit.o)
 .text.__call_exitprocs
                0x0000000000042b78      0x180 c:/intelfpga_lite/18.1/nios2eds/bin/gnu/h-x86_64-mingw32/bin/../lib/gcc/nios2-elf/5.3.0/../../../../../H-x86_64-mingw32/nios2-elf/lib\libc.a(lib_a-__call_atexit.o)
                0x0000000000042b78                __call_exitprocs
 .text          0x0000000000042cf8       0x34 ../pantiltcontroll_bsp/\libhal_bsp.a(alt_exit.o)
                0x0000000000042cf8                _exit
 *(.gnu.warning.*)
 *(.fini)
                [!provide]                        PROVIDE (__etext, ABSOLUTE (.))
                [!provide]                        PROVIDE (_etext, ABSOLUTE (.))
                [!provide]                        PROVIDE (etext, ABSOLUTE (.))
 *(.eh_frame_hdr)
                0x0000000000042d2c                . = ALIGN (0x4)
                [!provide]                        PROVIDE (__preinit_array_start, ABSOLUTE (.))
 *(.preinit_array)
                [!provide]                        PROVIDE (__preinit_array_end, ABSOLUTE (.))
                [!provide]                        PROVIDE (__init_array_start, ABSOLUTE (.))
 *(.init_array)
                [!provide]                        PROVIDE (__init_array_end, ABSOLUTE (.))
                [!provide]                        PROVIDE (__fini_array_start, ABSOLUTE (.))
 *(.fini_array)
                [!provide]                        PROVIDE (__fini_array_end, ABSOLUTE (.))
 *(.eh_frame)
 *(.gcc_except_table .gcc_except_table.*)
 *(.dynamic)
                0x0000000000042d2c                PROVIDE (__CTOR_LIST__, ABSOLUTE (.))
 *(.ctors)
 *(SORT(.ctors.*))
                0x0000000000042d2c                PROVIDE (__CTOR_END__, ABSOLUTE (.))
                0x0000000000042d2c                PROVIDE (__DTOR_LIST__, ABSOLUTE (.))
 *(.dtors)
 *(SORT(.dtors.*))
                0x0000000000042d2c                PROVIDE (__DTOR_END__, ABSOLUTE (.))
 *(.jcr)
                0x0000000000042d2c                . = ALIGN (0x4)

.rodata         0x0000000000042d2c       0x30
                0x0000000000042d2c                PROVIDE (__ram_rodata_start, ABSOLUTE (.))
                0x0000000000042d2c                . = ALIGN (0x4)
 *(.rodata .rodata.* .gnu.linkonce.r.*)
 .rodata        0x0000000000042d2c        0xf ../pantiltcontroll_bsp/\libhal_bsp.a(alt_main.o)
 *fill*         0x0000000000042d3b        0x1 
 .rodata        0x0000000000042d3c        0xf ../pantiltcontroll_bsp/\libhal_bsp.a(alt_sys_init.o)
 *fill*         0x0000000000042d4b        0x1 
 .rodata        0x0000000000042d4c        0xa ../pantiltcontroll_bsp/\libhal_bsp.a(alt_dev.o)
 *fill*         0x0000000000042d56        0x2 
 .rodata.str1.4
                0x0000000000042d58        0x4 c:/intelfpga_lite/18.1/nios2eds/bin/gnu/h-x86_64-mingw32/bin/../lib/gcc/nios2-elf/5.3.0/../../../../../H-x86_64-mingw32/nios2-elf/lib\libc.a(lib_a-impure.o)
                                          0x2 (size before relaxing)
 *(.rodata1)
                0x0000000000042d5c                . = ALIGN (0x4)
                0x0000000000042d5c                PROVIDE (__ram_rodata_end, ABSOLUTE (.))
                0x0000000000042d2c                PROVIDE (__flash_rodata_start, LOADADDR (.rodata))

.rwdata         0x0000000000042d5c     0x1658 load address 0x00000000000443b4
                0x0000000000042d5c                PROVIDE (__ram_rwdata_start, ABSOLUTE (.))
                0x0000000000042d5c                . = ALIGN (0x4)
 *(.got.plt)
 *(.got)
 *(.data1)
 *(.data .data.* .gnu.linkonce.d.*)
 .data          0x0000000000042d5c        0x0 ../pantiltcontroll_bsp//obj/HAL/src/crt0.o
 .data          0x0000000000042d5c        0x0 obj/default/app.o
 .data          0x0000000000042d5c        0x0 obj/default/pantilt/pantilt.o
 .data          0x0000000000042d5c        0x0 obj/default/pantilt/pwm/pwm.o
 .data          0x0000000000042d5c        0x0 c:/intelfpga_lite/18.1/nios2eds/bin/gnu/h-x86_64-mingw32/bin/../lib/gcc/nios2-elf/5.3.0\libgcc.a(lib2-divmod.o)
 .data          0x0000000000042d5c        0x0 ../pantiltcontroll_bsp/\libhal_bsp.a(alt_load.o)
 .data          0x0000000000042d5c        0x0 ../pantiltcontroll_bsp/\libhal_bsp.a(alt_main.o)
 .data          0x0000000000042d5c        0x0 ../pantiltcontroll_bsp/\libhal_bsp.a(alt_usleep.o)
 .data          0x0000000000042d5c     0x1060 ../pantiltcontroll_bsp/\libhal_bsp.a(alt_sys_init.o)
 .data          0x0000000000043dbc        0x0 ../pantiltcontroll_bsp/\libhal_bsp.a(altera_avalon_jtag_uart_fd.o)
 .data          0x0000000000043dbc        0x0 ../pantiltcontroll_bsp/\libhal_bsp.a(altera_avalon_jtag_uart_init.o)
 .data          0x0000000000043dbc        0x0 ../pantiltcontroll_bsp/\libhal_bsp.a(altera_avalon_jtag_uart_ioctl.o)
 .data          0x0000000000043dbc        0x0 ../pantiltcontroll_bsp/\libhal_bsp.a(altera_avalon_jtag_uart_read.o)
 .data          0x0000000000043dbc        0x0 ../pantiltcontroll_bsp/\libhal_bsp.a(altera_avalon_jtag_uart_write.o)
 .data          0x0000000000043dbc        0x0 ../pantiltcontroll_bsp/\libhal_bsp.a(alt_alarm_start.o)
 .data          0x0000000000043dbc        0x0 ../pantiltcontroll_bsp/\libhal_bsp.a(alt_busy_sleep.o)
 .data          0x0000000000043dbc        0x0 ../pantiltcontroll_bsp/\libhal_bsp.a(alt_close.o)
 .data          0x0000000000043dbc        0x0 ../pantiltcontroll_bsp/\libhal_bsp.a(alt_dcache_flush_all.o)
 .data          0x0000000000043dbc      0x1a8 ../pantiltcontroll_bsp/\libhal_bsp.a(alt_dev.o)
                0x0000000000043dbc                alt_dev_null
                0x0000000000043de4                alt_fd_list
 .data          0x0000000000043f64        0x0 ../pantiltcontroll_bsp/\libhal_bsp.a(alt_dev_llist_insert.o)
 .data          0x0000000000043f64        0x0 ../pantiltcontroll_bsp/\libhal_bsp.a(alt_do_ctors.o)
 .data          0x0000000000043f64        0x0 ../pantiltcontroll_bsp/\libhal_bsp.a(alt_do_dtors.o)
 .data          0x0000000000043f64        0x0 ../pantiltcontroll_bsp/\libhal_bsp.a(alt_errno.o)
 .data          0x0000000000043f64        0x0 ../pantiltcontroll_bsp/\libhal_bsp.a(alt_icache_flush_all.o)
 .data          0x0000000000043f64        0x0 ../pantiltcontroll_bsp/\libhal_bsp.a(alt_iic.o)
 .data          0x0000000000043f64        0x0 ../pantiltcontroll_bsp/\libhal_bsp.a(alt_iic_isr_register.o)
 .data          0x0000000000043f64        0x0 ../pantiltcontroll_bsp/\libhal_bsp.a(alt_io_redirect.o)
 .data          0x0000000000043f64        0x0 ../pantiltcontroll_bsp/\libhal_bsp.a(alt_irq_entry.o)
 .data          0x0000000000043f64        0x0 ../pantiltcontroll_bsp/\libhal_bsp.a(alt_irq_handler.o)
 .data          0x0000000000043f64        0x0 ../pantiltcontroll_bsp/\libhal_bsp.a(alt_irq_vars.o)
 .data          0x0000000000043f64        0x0 ../pantiltcontroll_bsp/\libhal_bsp.a(alt_open.o)
 .data          0x0000000000043f64        0x0 ../pantiltcontroll_bsp/\libhal_bsp.a(alt_release_fd.o)
 .data          0x0000000000043f64        0x0 ../pantiltcontroll_bsp/\libhal_bsp.a(alt_tick.o)
 .data          0x0000000000043f64        0x0 ../pantiltcontroll_bsp/\libhal_bsp.a(altera_nios2_gen2_irq.o)
 .data          0x0000000000043f64        0x0 ../pantiltcontroll_bsp/\libhal_bsp.a(alt_exception_entry.o)
 .data          0x0000000000043f64        0x0 ../pantiltcontroll_bsp/\libhal_bsp.a(alt_find_dev.o)
 .data          0x0000000000043f64        0x0 ../pantiltcontroll_bsp/\libhal_bsp.a(alt_find_file.o)
 .data          0x0000000000043f64        0x0 ../pantiltcontroll_bsp/\libhal_bsp.a(alt_get_fd.o)
 .data          0x0000000000043f64        0x0 ../pantiltcontroll_bsp/\libhal_bsp.a(alt_icache_flush.o)
 .data          0x0000000000043f64        0x0 ../pantiltcontroll_bsp/\libhal_bsp.a(alt_instruction_exception_entry.o)
 .data          0x0000000000043f64        0x0 c:/intelfpga_lite/18.1/nios2eds/bin/gnu/h-x86_64-mingw32/bin/../lib/gcc/nios2-elf/5.3.0/../../../../../H-x86_64-mingw32/nios2-elf/lib\libc.a(lib_a-atexit.o)
 .data          0x0000000000043f64        0x0 c:/intelfpga_lite/18.1/nios2eds/bin/gnu/h-x86_64-mingw32/bin/../lib/gcc/nios2-elf/5.3.0/../../../../../H-x86_64-mingw32/nios2-elf/lib\libc.a(lib_a-exit.o)
 .data          0x0000000000043f64        0x0 c:/intelfpga_lite/18.1/nios2eds/bin/gnu/h-x86_64-mingw32/bin/../lib/gcc/nios2-elf/5.3.0/../../../../../H-x86_64-mingw32/nios2-elf/lib\libc.a(lib_a-impure.o)
 .data.impure_data
                0x0000000000043f64      0x424 c:/intelfpga_lite/18.1/nios2eds/bin/gnu/h-x86_64-mingw32/bin/../lib/gcc/nios2-elf/5.3.0/../../../../../H-x86_64-mingw32/nios2-elf/lib\libc.a(lib_a-impure.o)
 .data          0x0000000000044388        0x0 c:/intelfpga_lite/18.1/nios2eds/bin/gnu/h-x86_64-mingw32/bin/../lib/gcc/nios2-elf/5.3.0/../../../../../H-x86_64-mingw32/nios2-elf/lib\libc.a(lib_a-int_errno.o)
 .data          0x0000000000044388        0x0 c:/intelfpga_lite/18.1/nios2eds/bin/gnu/h-x86_64-mingw32/bin/../lib/gcc/nios2-elf/5.3.0/../../../../../H-x86_64-mingw32/nios2-elf/lib\libc.a(lib_a-memcmp.o)
 .data          0x0000000000044388        0x0 c:/intelfpga_lite/18.1/nios2eds/bin/gnu/h-x86_64-mingw32/bin/../lib/gcc/nios2-elf/5.3.0/../../../../../H-x86_64-mingw32/nios2-elf/lib\libc.a(lib_a-memcpy.o)
 .data          0x0000000000044388        0x0 c:/intelfpga_lite/18.1/nios2eds/bin/gnu/h-x86_64-mingw32/bin/../lib/gcc/nios2-elf/5.3.0/../../../../../H-x86_64-mingw32/nios2-elf/lib\libc.a(lib_a-strlen.o)
 .data          0x0000000000044388        0x0 c:/intelfpga_lite/18.1/nios2eds/bin/gnu/h-x86_64-mingw32/bin/../lib/gcc/nios2-elf/5.3.0/../../../../../H-x86_64-mingw32/nios2-elf/lib\libc.a(lib_a-__atexit.o)
 .data          0x0000000000044388        0x0 c:/intelfpga_lite/18.1/nios2eds/bin/gnu/h-x86_64-mingw32/bin/../lib/gcc/nios2-elf/5.3.0/../../../../../H-x86_64-mingw32/nios2-elf/lib\libc.a(lib_a-__call_atexit.o)
 .data          0x0000000000044388        0x0 ../pantiltcontroll_bsp/\libhal_bsp.a(alt_exit.o)
                0x000000000004c388                _gp = ABSOLUTE ((. + 0x8000))
                [!provide]                        PROVIDE (gp, _gp)
 *(.rwdata .rwdata.*)
 *(.sdata .sdata.* .gnu.linkonce.s.*)
 .sdata         0x0000000000044388       0x14 ../pantiltcontroll_bsp/\libhal_bsp.a(alt_dev.o)
                0x0000000000044388                alt_fs_list
                0x0000000000044390                alt_dev_list
                0x0000000000044398                alt_max_fd
 .sdata         0x000000000004439c        0x4 ../pantiltcontroll_bsp/\libhal_bsp.a(alt_errno.o)
                0x000000000004439c                alt_errno
 .sdata         0x00000000000443a0        0x4 ../pantiltcontroll_bsp/\libhal_bsp.a(alt_irq_vars.o)
                0x00000000000443a0                alt_priority_mask
 .sdata         0x00000000000443a4        0x8 ../pantiltcontroll_bsp/\libhal_bsp.a(alt_tick.o)
                0x00000000000443a4                alt_alarm_list
 .sdata._global_impure_ptr
                0x00000000000443ac        0x4 c:/intelfpga_lite/18.1/nios2eds/bin/gnu/h-x86_64-mingw32/bin/../lib/gcc/nios2-elf/5.3.0/../../../../../H-x86_64-mingw32/nios2-elf/lib\libc.a(lib_a-impure.o)
                0x00000000000443ac                _global_impure_ptr
 .sdata._impure_ptr
                0x00000000000443b0        0x4 c:/intelfpga_lite/18.1/nios2eds/bin/gnu/h-x86_64-mingw32/bin/../lib/gcc/nios2-elf/5.3.0/../../../../../H-x86_64-mingw32/nios2-elf/lib\libc.a(lib_a-impure.o)
                0x00000000000443b0                _impure_ptr
 *(.sdata2 .sdata2.* .gnu.linkonce.s2.*)
                0x00000000000443b4                . = ALIGN (0x4)
                0x00000000000443b4                _edata = ABSOLUTE (.)
                [!provide]                        PROVIDE (edata, ABSOLUTE (.))
                0x00000000000443b4                PROVIDE (__ram_rwdata_end, ABSOLUTE (.))
                0x00000000000443b4                PROVIDE (__flash_rwdata_start, LOADADDR (.rwdata))

.bss            0x0000000000045a0c      0x120
                0x0000000000045a0c                __bss_start = ABSOLUTE (.)
                [!provide]                        PROVIDE (__sbss_start, ABSOLUTE (.))
                [!provide]                        PROVIDE (___sbss_start, ABSOLUTE (.))
 *(.dynsbss)
 *(.sbss .sbss.* .gnu.linkonce.sb.*)
 .sbss          0x0000000000045a0c        0xc ../pantiltcontroll_bsp/\libhal_bsp.a(alt_main.o)
                0x0000000000045a0c                alt_argc
                0x0000000000045a10                alt_argv
                0x0000000000045a14                alt_envp
 .sbss          0x0000000000045a18        0x4 ../pantiltcontroll_bsp/\libhal_bsp.a(alt_irq_vars.o)
                0x0000000000045a18                alt_irq_active
 .sbss          0x0000000000045a1c        0x8 ../pantiltcontroll_bsp/\libhal_bsp.a(alt_tick.o)
                0x0000000000045a1c                _alt_tick_rate
                0x0000000000045a20                _alt_nticks
 .sbss          0x0000000000045a24        0x4 ../pantiltcontroll_bsp/\libhal_bsp.a(alt_instruction_exception_entry.o)
                0x0000000000045a24                alt_instruction_exception_handler
 .sbss          0x0000000000045a28        0x4 c:/intelfpga_lite/18.1/nios2eds/bin/gnu/h-x86_64-mingw32/bin/../lib/gcc/nios2-elf/5.3.0/../../../../../H-x86_64-mingw32/nios2-elf/lib\libc.a(lib_a-int_errno.o)
                0x0000000000045a28                errno
 *(.sbss2 .sbss2.* .gnu.linkonce.sb2.*)
 *(.scommon)
                [!provide]                        PROVIDE (__sbss_end, ABSOLUTE (.))
                [!provide]                        PROVIDE (___sbss_end, ABSOLUTE (.))
 *(.dynbss)
 *(.bss .bss.* .gnu.linkonce.b.*)
 .bss           0x0000000000045a2c        0x0 ../pantiltcontroll_bsp//obj/HAL/src/crt0.o
 .bss           0x0000000000045a2c        0x0 obj/default/app.o
 .bss           0x0000000000045a2c        0x0 obj/default/pantilt/pantilt.o
 .bss           0x0000000000045a2c        0x0 obj/default/pantilt/pwm/pwm.o
 .bss           0x0000000000045a2c        0x0 c:/intelfpga_lite/18.1/nios2eds/bin/gnu/h-x86_64-mingw32/bin/../lib/gcc/nios2-elf/5.3.0\libgcc.a(lib2-divmod.o)
 .bss           0x0000000000045a2c        0x0 ../pantiltcontroll_bsp/\libhal_bsp.a(alt_load.o)
 .bss           0x0000000000045a2c        0x0 ../pantiltcontroll_bsp/\libhal_bsp.a(alt_main.o)
 .bss           0x0000000000045a2c        0x0 ../pantiltcontroll_bsp/\libhal_bsp.a(alt_usleep.o)
 .bss           0x0000000000045a2c        0x0 ../pantiltcontroll_bsp/\libhal_bsp.a(alt_sys_init.o)
 .bss           0x0000000000045a2c        0x0 ../pantiltcontroll_bsp/\libhal_bsp.a(altera_avalon_jtag_uart_fd.o)
 .bss           0x0000000000045a2c        0x0 ../pantiltcontroll_bsp/\libhal_bsp.a(altera_avalon_jtag_uart_init.o)
 .bss           0x0000000000045a2c        0x0 ../pantiltcontroll_bsp/\libhal_bsp.a(altera_avalon_jtag_uart_ioctl.o)
 .bss           0x0000000000045a2c        0x0 ../pantiltcontroll_bsp/\libhal_bsp.a(altera_avalon_jtag_uart_read.o)
 .bss           0x0000000000045a2c        0x0 ../pantiltcontroll_bsp/\libhal_bsp.a(altera_avalon_jtag_uart_write.o)
 .bss           0x0000000000045a2c        0x0 ../pantiltcontroll_bsp/\libhal_bsp.a(alt_alarm_start.o)
 .bss           0x0000000000045a2c        0x0 ../pantiltcontroll_bsp/\libhal_bsp.a(alt_busy_sleep.o)
 .bss           0x0000000000045a2c        0x0 ../pantiltcontroll_bsp/\libhal_bsp.a(alt_close.o)
 .bss           0x0000000000045a2c        0x0 ../pantiltcontroll_bsp/\libhal_bsp.a(alt_dcache_flush_all.o)
 .bss           0x0000000000045a2c        0x0 ../pantiltcontroll_bsp/\libhal_bsp.a(alt_dev.o)
 .bss           0x0000000000045a2c        0x0 ../pantiltcontroll_bsp/\libhal_bsp.a(alt_dev_llist_insert.o)
 .bss           0x0000000000045a2c        0x0 ../pantiltcontroll_bsp/\libhal_bsp.a(alt_do_ctors.o)
 .bss           0x0000000000045a2c        0x0 ../pantiltcontroll_bsp/\libhal_bsp.a(alt_do_dtors.o)
 .bss           0x0000000000045a2c        0x0 ../pantiltcontroll_bsp/\libhal_bsp.a(alt_errno.o)
 .bss           0x0000000000045a2c        0x0 ../pantiltcontroll_bsp/\libhal_bsp.a(alt_icache_flush_all.o)
 .bss           0x0000000000045a2c        0x0 ../pantiltcontroll_bsp/\libhal_bsp.a(alt_iic.o)
 .bss           0x0000000000045a2c        0x0 ../pantiltcontroll_bsp/\libhal_bsp.a(alt_iic_isr_register.o)
 .bss           0x0000000000045a2c        0x0 ../pantiltcontroll_bsp/\libhal_bsp.a(alt_io_redirect.o)
 .bss           0x0000000000045a2c        0x0 ../pantiltcontroll_bsp/\libhal_bsp.a(alt_irq_entry.o)
 .bss           0x0000000000045a2c        0x0 ../pantiltcontroll_bsp/\libhal_bsp.a(alt_irq_handler.o)
 .bss           0x0000000000045a2c        0x0 ../pantiltcontroll_bsp/\libhal_bsp.a(alt_irq_vars.o)
 .bss           0x0000000000045a2c        0x0 ../pantiltcontroll_bsp/\libhal_bsp.a(alt_open.o)
 .bss           0x0000000000045a2c        0x0 ../pantiltcontroll_bsp/\libhal_bsp.a(alt_release_fd.o)
 .bss           0x0000000000045a2c        0x0 ../pantiltcontroll_bsp/\libhal_bsp.a(alt_tick.o)
 .bss           0x0000000000045a2c        0x0 ../pantiltcontroll_bsp/\libhal_bsp.a(altera_nios2_gen2_irq.o)
 .bss           0x0000000000045a2c        0x0 ../pantiltcontroll_bsp/\libhal_bsp.a(alt_exception_entry.o)
 .bss           0x0000000000045a2c        0x0 ../pantiltcontroll_bsp/\libhal_bsp.a(alt_find_dev.o)
 .bss           0x0000000000045a2c        0x0 ../pantiltcontroll_bsp/\libhal_bsp.a(alt_find_file.o)
 .bss           0x0000000000045a2c        0x0 ../pantiltcontroll_bsp/\libhal_bsp.a(alt_get_fd.o)
 .bss           0x0000000000045a2c        0x0 ../pantiltcontroll_bsp/\libhal_bsp.a(alt_icache_flush.o)
 .bss           0x0000000000045a2c        0x0 ../pantiltcontroll_bsp/\libhal_bsp.a(alt_instruction_exception_entry.o)
 .bss           0x0000000000045a2c        0x0 c:/intelfpga_lite/18.1/nios2eds/bin/gnu/h-x86_64-mingw32/bin/../lib/gcc/nios2-elf/5.3.0/../../../../../H-x86_64-mingw32/nios2-elf/lib\libc.a(lib_a-atexit.o)
 .bss           0x0000000000045a2c        0x0 c:/intelfpga_lite/18.1/nios2eds/bin/gnu/h-x86_64-mingw32/bin/../lib/gcc/nios2-elf/5.3.0/../../../../../H-x86_64-mingw32/nios2-elf/lib\libc.a(lib_a-exit.o)
 .bss           0x0000000000045a2c        0x0 c:/intelfpga_lite/18.1/nios2eds/bin/gnu/h-x86_64-mingw32/bin/../lib/gcc/nios2-elf/5.3.0/../../../../../H-x86_64-mingw32/nios2-elf/lib\libc.a(lib_a-impure.o)
 .bss           0x0000000000045a2c        0x0 c:/intelfpga_lite/18.1/nios2eds/bin/gnu/h-x86_64-mingw32/bin/../lib/gcc/nios2-elf/5.3.0/../../../../../H-x86_64-mingw32/nios2-elf/lib\libc.a(lib_a-int_errno.o)
 .bss           0x0000000000045a2c        0x0 c:/intelfpga_lite/18.1/nios2eds/bin/gnu/h-x86_64-mingw32/bin/../lib/gcc/nios2-elf/5.3.0/../../../../../H-x86_64-mingw32/nios2-elf/lib\libc.a(lib_a-memcmp.o)
 .bss           0x0000000000045a2c        0x0 c:/intelfpga_lite/18.1/nios2eds/bin/gnu/h-x86_64-mingw32/bin/../lib/gcc/nios2-elf/5.3.0/../../../../../H-x86_64-mingw32/nios2-elf/lib\libc.a(lib_a-memcpy.o)
 .bss           0x0000000000045a2c        0x0 c:/intelfpga_lite/18.1/nios2eds/bin/gnu/h-x86_64-mingw32/bin/../lib/gcc/nios2-elf/5.3.0/../../../../../H-x86_64-mingw32/nios2-elf/lib\libc.a(lib_a-strlen.o)
 .bss           0x0000000000045a2c        0x0 c:/intelfpga_lite/18.1/nios2eds/bin/gnu/h-x86_64-mingw32/bin/../lib/gcc/nios2-elf/5.3.0/../../../../../H-x86_64-mingw32/nios2-elf/lib\libc.a(lib_a-__atexit.o)
 .bss           0x0000000000045a2c        0x0 c:/intelfpga_lite/18.1/nios2eds/bin/gnu/h-x86_64-mingw32/bin/../lib/gcc/nios2-elf/5.3.0/../../../../../H-x86_64-mingw32/nios2-elf/lib\libc.a(lib_a-__call_atexit.o)
 .bss           0x0000000000045a2c        0x0 ../pantiltcontroll_bsp/\libhal_bsp.a(alt_exit.o)
 *(COMMON)
 COMMON         0x0000000000045a2c      0x100 ../pantiltcontroll_bsp/\libhal_bsp.a(alt_irq_handler.o)
                0x0000000000045a2c                alt_irq
                0x0000000000045b2c                . = ALIGN (0x4)
                0x0000000000045b2c                __bss_end = ABSOLUTE (.)

.onchip_memory2
                0x0000000000045b2c        0x0
                [!provide]                        PROVIDE (_alt_partition_onchip_memory2_start, ABSOLUTE (.))
 *(.onchip_memory2 .onchip_memory2. onchip_memory2.*)
                0x0000000000045b2c                . = ALIGN (0x4)
                [!provide]                        PROVIDE (_alt_partition_onchip_memory2_end, ABSOLUTE (.))
                0x0000000000045b2c                _end = ABSOLUTE (.)
                0x0000000000045b2c                end = ABSOLUTE (.)
                0x0000000000045b2c                __alt_stack_base = ABSOLUTE (.)
                [!provide]                        PROVIDE (_alt_partition_onchip_memory2_load_addr, LOADADDR (.onchip_memory2))

.stab
 *(.stab)

.stabstr
 *(.stabstr)

.stab.excl
 *(.stab.excl)

.stab.exclstr
 *(.stab.exclstr)

.stab.index
 *(.stab.index)

.stab.indexstr
 *(.stab.indexstr)

.comment        0x0000000000000000       0x23
 *(.comment)
 .comment       0x0000000000000000       0x23 obj/default/app.o
                                         0x24 (size before relaxing)
 .comment       0x0000000000000023       0x24 obj/default/pantilt/pantilt.o
 .comment       0x0000000000000023       0x24 obj/default/pantilt/pwm/pwm.o
 .comment       0x0000000000000023       0x24 c:/intelfpga_lite/18.1/nios2eds/bin/gnu/h-x86_64-mingw32/bin/../lib/gcc/nios2-elf/5.3.0\libgcc.a(lib2-divmod.o)
 .comment       0x0000000000000023       0x24 ../pantiltcontroll_bsp/\libhal_bsp.a(alt_load.o)
 .comment       0x0000000000000023       0x24 ../pantiltcontroll_bsp/\libhal_bsp.a(alt_main.o)
 .comment       0x0000000000000023       0x24 ../pantiltcontroll_bsp/\libhal_bsp.a(alt_usleep.o)
 .comment       0x0000000000000023       0x24 ../pantiltcontroll_bsp/\libhal_bsp.a(alt_sys_init.o)
 .comment       0x0000000000000023       0x24 ../pantiltcontroll_bsp/\libhal_bsp.a(altera_avalon_jtag_uart_fd.o)
 .comment       0x0000000000000023       0x24 ../pantiltcontroll_bsp/\libhal_bsp.a(altera_avalon_jtag_uart_init.o)
 .comment       0x0000000000000023       0x24 ../pantiltcontroll_bsp/\libhal_bsp.a(altera_avalon_jtag_uart_ioctl.o)
 .comment       0x0000000000000023       0x24 ../pantiltcontroll_bsp/\libhal_bsp.a(altera_avalon_jtag_uart_read.o)
 .comment       0x0000000000000023       0x24 ../pantiltcontroll_bsp/\libhal_bsp.a(altera_avalon_jtag_uart_write.o)
 .comment       0x0000000000000023       0x24 ../pantiltcontroll_bsp/\libhal_bsp.a(alt_alarm_start.o)
 .comment       0x0000000000000023       0x24 ../pantiltcontroll_bsp/\libhal_bsp.a(alt_busy_sleep.o)
 .comment       0x0000000000000023       0x24 ../pantiltcontroll_bsp/\libhal_bsp.a(alt_close.o)
 .comment       0x0000000000000023       0x24 ../pantiltcontroll_bsp/\libhal_bsp.a(alt_dcache_flush_all.o)
 .comment       0x0000000000000023       0x24 ../pantiltcontroll_bsp/\libhal_bsp.a(alt_dev.o)
 .comment       0x0000000000000023       0x24 ../pantiltcontroll_bsp/\libhal_bsp.a(alt_dev_llist_insert.o)
 .comment       0x0000000000000023       0x24 ../pantiltcontroll_bsp/\libhal_bsp.a(alt_do_ctors.o)
 .comment       0x0000000000000023       0x24 ../pantiltcontroll_bsp/\libhal_bsp.a(alt_do_dtors.o)
 .comment       0x0000000000000023       0x24 ../pantiltcontroll_bsp/\libhal_bsp.a(alt_errno.o)
 .comment       0x0000000000000023       0x24 ../pantiltcontroll_bsp/\libhal_bsp.a(alt_icache_flush_all.o)
 .comment       0x0000000000000023       0x24 ../pantiltcontroll_bsp/\libhal_bsp.a(alt_iic.o)
 .comment       0x0000000000000023       0x24 ../pantiltcontroll_bsp/\libhal_bsp.a(alt_iic_isr_register.o)
 .comment       0x0000000000000023       0x24 ../pantiltcontroll_bsp/\libhal_bsp.a(alt_io_redirect.o)
 .comment       0x0000000000000023       0x24 ../pantiltcontroll_bsp/\libhal_bsp.a(alt_irq_handler.o)
 .comment       0x0000000000000023       0x24 ../pantiltcontroll_bsp/\libhal_bsp.a(alt_irq_vars.o)
 .comment       0x0000000000000023       0x24 ../pantiltcontroll_bsp/\libhal_bsp.a(alt_open.o)
 .comment       0x0000000000000023       0x24 ../pantiltcontroll_bsp/\libhal_bsp.a(alt_release_fd.o)
 .comment       0x0000000000000023       0x24 ../pantiltcontroll_bsp/\libhal_bsp.a(alt_tick.o)
 .comment       0x0000000000000023       0x24 ../pantiltcontroll_bsp/\libhal_bsp.a(altera_nios2_gen2_irq.o)
 .comment       0x0000000000000023       0x24 ../pantiltcontroll_bsp/\libhal_bsp.a(alt_find_dev.o)
 .comment       0x0000000000000023       0x24 ../pantiltcontroll_bsp/\libhal_bsp.a(alt_find_file.o)
 .comment       0x0000000000000023       0x24 ../pantiltcontroll_bsp/\libhal_bsp.a(alt_get_fd.o)
 .comment       0x0000000000000023       0x24 ../pantiltcontroll_bsp/\libhal_bsp.a(alt_icache_flush.o)
 .comment       0x0000000000000023       0x24 ../pantiltcontroll_bsp/\libhal_bsp.a(alt_instruction_exception_entry.o)
 .comment       0x0000000000000023       0x24 c:/intelfpga_lite/18.1/nios2eds/bin/gnu/h-x86_64-mingw32/bin/../lib/gcc/nios2-elf/5.3.0/../../../../../H-x86_64-mingw32/nios2-elf/lib\libc.a(lib_a-atexit.o)
 .comment       0x0000000000000023       0x24 c:/intelfpga_lite/18.1/nios2eds/bin/gnu/h-x86_64-mingw32/bin/../lib/gcc/nios2-elf/5.3.0/../../../../../H-x86_64-mingw32/nios2-elf/lib\libc.a(lib_a-exit.o)
 .comment       0x0000000000000023       0x24 c:/intelfpga_lite/18.1/nios2eds/bin/gnu/h-x86_64-mingw32/bin/../lib/gcc/nios2-elf/5.3.0/../../../../../H-x86_64-mingw32/nios2-elf/lib\libc.a(lib_a-impure.o)
 .comment       0x0000000000000023       0x24 c:/intelfpga_lite/18.1/nios2eds/bin/gnu/h-x86_64-mingw32/bin/../lib/gcc/nios2-elf/5.3.0/../../../../../H-x86_64-mingw32/nios2-elf/lib\libc.a(lib_a-int_errno.o)
 .comment       0x0000000000000023       0x24 c:/intelfpga_lite/18.1/nios2eds/bin/gnu/h-x86_64-mingw32/bin/../lib/gcc/nios2-elf/5.3.0/../../../../../H-x86_64-mingw32/nios2-elf/lib\libc.a(lib_a-memcmp.o)
 .comment       0x0000000000000023       0x24 c:/intelfpga_lite/18.1/nios2eds/bin/gnu/h-x86_64-mingw32/bin/../lib/gcc/nios2-elf/5.3.0/../../../../../H-x86_64-mingw32/nios2-elf/lib\libc.a(lib_a-memcpy.o)
 .comment       0x0000000000000023       0x24 c:/intelfpga_lite/18.1/nios2eds/bin/gnu/h-x86_64-mingw32/bin/../lib/gcc/nios2-elf/5.3.0/../../../../../H-x86_64-mingw32/nios2-elf/lib\libc.a(lib_a-strlen.o)
 .comment       0x0000000000000023       0x24 c:/intelfpga_lite/18.1/nios2eds/bin/gnu/h-x86_64-mingw32/bin/../lib/gcc/nios2-elf/5.3.0/../../../../../H-x86_64-mingw32/nios2-elf/lib\libc.a(lib_a-__atexit.o)
 .comment       0x0000000000000023       0x24 c:/intelfpga_lite/18.1/nios2eds/bin/gnu/h-x86_64-mingw32/bin/../lib/gcc/nios2-elf/5.3.0/../../../../../H-x86_64-mingw32/nios2-elf/lib\libc.a(lib_a-__call_atexit.o)
 .comment       0x0000000000000023       0x24 ../pantiltcontroll_bsp/\libhal_bsp.a(alt_exit.o)

.debug
 *(.debug)

.line
 *(.line)

.debug_srcinfo
 *(.debug_srcinfo)

.debug_sfnames
 *(.debug_sfnames)

.debug_aranges  0x0000000000000000      0x658
 *(.debug_aranges)
 .debug_aranges
                0x0000000000000000       0x28 ../pantiltcontroll_bsp//obj/HAL/src/crt0.o
 .debug_aranges
                0x0000000000000028       0x20 obj/default/app.o
 .debug_aranges
                0x0000000000000048       0x20 obj/default/pantilt/pantilt.o
 .debug_aranges
                0x0000000000000068       0x20 obj/default/pantilt/pwm/pwm.o
 .debug_aranges
                0x0000000000000088       0x20 c:/intelfpga_lite/18.1/nios2eds/bin/gnu/h-x86_64-mingw32/bin/../lib/gcc/nios2-elf/5.3.0\libgcc.a(lib2-divmod.o)
 .debug_aranges
                0x00000000000000a8       0x20 ../pantiltcontroll_bsp/\libhal_bsp.a(alt_load.o)
 .debug_aranges
                0x00000000000000c8       0x20 ../pantiltcontroll_bsp/\libhal_bsp.a(alt_main.o)
 .debug_aranges
                0x00000000000000e8       0x20 ../pantiltcontroll_bsp/\libhal_bsp.a(alt_usleep.o)
 .debug_aranges
                0x0000000000000108       0x20 ../pantiltcontroll_bsp/\libhal_bsp.a(alt_sys_init.o)
 .debug_aranges
                0x0000000000000128       0x20 ../pantiltcontroll_bsp/\libhal_bsp.a(altera_avalon_jtag_uart_fd.o)
 .debug_aranges
                0x0000000000000148       0x20 ../pantiltcontroll_bsp/\libhal_bsp.a(altera_avalon_jtag_uart_init.o)
 .debug_aranges
                0x0000000000000168       0x20 ../pantiltcontroll_bsp/\libhal_bsp.a(altera_avalon_jtag_uart_ioctl.o)
 .debug_aranges
                0x0000000000000188       0x20 ../pantiltcontroll_bsp/\libhal_bsp.a(altera_avalon_jtag_uart_read.o)
 .debug_aranges
                0x00000000000001a8       0x20 ../pantiltcontroll_bsp/\libhal_bsp.a(altera_avalon_jtag_uart_write.o)
 .debug_aranges
                0x00000000000001c8       0x20 ../pantiltcontroll_bsp/\libhal_bsp.a(alt_alarm_start.o)
 .debug_aranges
                0x00000000000001e8       0x20 ../pantiltcontroll_bsp/\libhal_bsp.a(alt_busy_sleep.o)
 .debug_aranges
                0x0000000000000208       0x20 ../pantiltcontroll_bsp/\libhal_bsp.a(alt_close.o)
 .debug_aranges
                0x0000000000000228       0x20 ../pantiltcontroll_bsp/\libhal_bsp.a(alt_dcache_flush_all.o)
 .debug_aranges
                0x0000000000000248       0x20 ../pantiltcontroll_bsp/\libhal_bsp.a(alt_dev.o)
 .debug_aranges
                0x0000000000000268       0x20 ../pantiltcontroll_bsp/\libhal_bsp.a(alt_dev_llist_insert.o)
 .debug_aranges
                0x0000000000000288       0x20 ../pantiltcontroll_bsp/\libhal_bsp.a(alt_do_ctors.o)
 .debug_aranges
                0x00000000000002a8       0x20 ../pantiltcontroll_bsp/\libhal_bsp.a(alt_do_dtors.o)
 .debug_aranges
                0x00000000000002c8       0x18 ../pantiltcontroll_bsp/\libhal_bsp.a(alt_errno.o)
 .debug_aranges
                0x00000000000002e0       0x20 ../pantiltcontroll_bsp/\libhal_bsp.a(alt_icache_flush_all.o)
 .debug_aranges
                0x0000000000000300       0x20 ../pantiltcontroll_bsp/\libhal_bsp.a(alt_iic.o)
 .debug_aranges
                0x0000000000000320       0x20 ../pantiltcontroll_bsp/\libhal_bsp.a(alt_iic_isr_register.o)
 .debug_aranges
                0x0000000000000340       0x20 ../pantiltcontroll_bsp/\libhal_bsp.a(alt_io_redirect.o)
 .debug_aranges
                0x0000000000000360       0x30 ../pantiltcontroll_bsp/\libhal_bsp.a(alt_irq_entry.o)
 .debug_aranges
                0x0000000000000390       0x20 ../pantiltcontroll_bsp/\libhal_bsp.a(alt_irq_handler.o)
 .debug_aranges
                0x00000000000003b0       0x18 ../pantiltcontroll_bsp/\libhal_bsp.a(alt_irq_vars.o)
 .debug_aranges
                0x00000000000003c8       0x20 ../pantiltcontroll_bsp/\libhal_bsp.a(alt_open.o)
 .debug_aranges
                0x00000000000003e8       0x20 ../pantiltcontroll_bsp/\libhal_bsp.a(alt_release_fd.o)
 .debug_aranges
                0x0000000000000408       0x20 ../pantiltcontroll_bsp/\libhal_bsp.a(alt_tick.o)
 .debug_aranges
                0x0000000000000428       0x20 ../pantiltcontroll_bsp/\libhal_bsp.a(altera_nios2_gen2_irq.o)
 .debug_aranges
                0x0000000000000448       0x38 ../pantiltcontroll_bsp/\libhal_bsp.a(alt_exception_entry.o)
 .debug_aranges
                0x0000000000000480       0x20 ../pantiltcontroll_bsp/\libhal_bsp.a(alt_find_dev.o)
 .debug_aranges
                0x00000000000004a0       0x20 ../pantiltcontroll_bsp/\libhal_bsp.a(alt_find_file.o)
 .debug_aranges
                0x00000000000004c0       0x20 ../pantiltcontroll_bsp/\libhal_bsp.a(alt_get_fd.o)
 .debug_aranges
                0x00000000000004e0       0x20 ../pantiltcontroll_bsp/\libhal_bsp.a(alt_icache_flush.o)
 .debug_aranges
                0x0000000000000500       0x28 ../pantiltcontroll_bsp/\libhal_bsp.a(alt_instruction_exception_entry.o)
 .debug_aranges
                0x0000000000000528       0x20 c:/intelfpga_lite/18.1/nios2eds/bin/gnu/h-x86_64-mingw32/bin/../lib/gcc/nios2-elf/5.3.0/../../../../../H-x86_64-mingw32/nios2-elf/lib\libc.a(lib_a-atexit.o)
 .debug_aranges
                0x0000000000000548       0x20 c:/intelfpga_lite/18.1/nios2eds/bin/gnu/h-x86_64-mingw32/bin/../lib/gcc/nios2-elf/5.3.0/../../../../../H-x86_64-mingw32/nios2-elf/lib\libc.a(lib_a-exit.o)
 .debug_aranges
                0x0000000000000568       0x18 c:/intelfpga_lite/18.1/nios2eds/bin/gnu/h-x86_64-mingw32/bin/../lib/gcc/nios2-elf/5.3.0/../../../../../H-x86_64-mingw32/nios2-elf/lib\libc.a(lib_a-impure.o)
 .debug_aranges
                0x0000000000000580       0x18 c:/intelfpga_lite/18.1/nios2eds/bin/gnu/h-x86_64-mingw32/bin/../lib/gcc/nios2-elf/5.3.0/../../../../../H-x86_64-mingw32/nios2-elf/lib\libc.a(lib_a-int_errno.o)
 .debug_aranges
                0x0000000000000598       0x20 c:/intelfpga_lite/18.1/nios2eds/bin/gnu/h-x86_64-mingw32/bin/../lib/gcc/nios2-elf/5.3.0/../../../../../H-x86_64-mingw32/nios2-elf/lib\libc.a(lib_a-memcmp.o)
 .debug_aranges
                0x00000000000005b8       0x20 c:/intelfpga_lite/18.1/nios2eds/bin/gnu/h-x86_64-mingw32/bin/../lib/gcc/nios2-elf/5.3.0/../../../../../H-x86_64-mingw32/nios2-elf/lib\libc.a(lib_a-memcpy.o)
 .debug_aranges
                0x00000000000005d8       0x20 c:/intelfpga_lite/18.1/nios2eds/bin/gnu/h-x86_64-mingw32/bin/../lib/gcc/nios2-elf/5.3.0/../../../../../H-x86_64-mingw32/nios2-elf/lib\libc.a(lib_a-strlen.o)
 .debug_aranges
                0x00000000000005f8       0x20 c:/intelfpga_lite/18.1/nios2eds/bin/gnu/h-x86_64-mingw32/bin/../lib/gcc/nios2-elf/5.3.0/../../../../../H-x86_64-mingw32/nios2-elf/lib\libc.a(lib_a-__atexit.o)
 .debug_aranges
                0x0000000000000618       0x20 c:/intelfpga_lite/18.1/nios2eds/bin/gnu/h-x86_64-mingw32/bin/../lib/gcc/nios2-elf/5.3.0/../../../../../H-x86_64-mingw32/nios2-elf/lib\libc.a(lib_a-__call_atexit.o)
 .debug_aranges
                0x0000000000000638       0x20 ../pantiltcontroll_bsp/\libhal_bsp.a(alt_exit.o)

.debug_pubnames
 *(.debug_pubnames)

.debug_info     0x0000000000000000     0x7e36
 *(.debug_info .gnu.linkonce.wi.*)
 .debug_info    0x0000000000000000       0x8b ../pantiltcontroll_bsp//obj/HAL/src/crt0.o
 .debug_info    0x000000000000008b      0x137 obj/default/app.o
 .debug_info    0x00000000000001c2      0x236 obj/default/pantilt/pantilt.o
 .debug_info    0x00000000000003f8      0x1a5 obj/default/pantilt/pwm/pwm.o
 .debug_info    0x000000000000059d      0x2c6 c:/intelfpga_lite/18.1/nios2eds/bin/gnu/h-x86_64-mingw32/bin/../lib/gcc/nios2-elf/5.3.0\libgcc.a(lib2-divmod.o)
 .debug_info    0x0000000000000863      0x145 ../pantiltcontroll_bsp/\libhal_bsp.a(alt_load.o)
 .debug_info    0x00000000000009a8      0x131 ../pantiltcontroll_bsp/\libhal_bsp.a(alt_main.o)
 .debug_info    0x0000000000000ad9       0xb0 ../pantiltcontroll_bsp/\libhal_bsp.a(alt_usleep.o)
 .debug_info    0x0000000000000b89      0x4c3 ../pantiltcontroll_bsp/\libhal_bsp.a(alt_sys_init.o)
 .debug_info    0x000000000000104c      0x52e ../pantiltcontroll_bsp/\libhal_bsp.a(altera_avalon_jtag_uart_fd.o)
 .debug_info    0x000000000000157a      0x3a0 ../pantiltcontroll_bsp/\libhal_bsp.a(altera_avalon_jtag_uart_init.o)
 .debug_info    0x000000000000191a      0x280 ../pantiltcontroll_bsp/\libhal_bsp.a(altera_avalon_jtag_uart_ioctl.o)
 .debug_info    0x0000000000001b9a      0x345 ../pantiltcontroll_bsp/\libhal_bsp.a(altera_avalon_jtag_uart_read.o)
 .debug_info    0x0000000000001edf      0x340 ../pantiltcontroll_bsp/\libhal_bsp.a(altera_avalon_jtag_uart_write.o)
 .debug_info    0x000000000000221f      0x2cc ../pantiltcontroll_bsp/\libhal_bsp.a(alt_alarm_start.o)
 .debug_info    0x00000000000024eb       0xd7 ../pantiltcontroll_bsp/\libhal_bsp.a(alt_busy_sleep.o)
 .debug_info    0x00000000000025c2      0x321 ../pantiltcontroll_bsp/\libhal_bsp.a(alt_close.o)
 .debug_info    0x00000000000028e3       0xa5 ../pantiltcontroll_bsp/\libhal_bsp.a(alt_dcache_flush_all.o)
 .debug_info    0x0000000000002988      0x49c ../pantiltcontroll_bsp/\libhal_bsp.a(alt_dev.o)
 .debug_info    0x0000000000002e24      0x1a9 ../pantiltcontroll_bsp/\libhal_bsp.a(alt_dev_llist_insert.o)
 .debug_info    0x0000000000002fcd       0x83 ../pantiltcontroll_bsp/\libhal_bsp.a(alt_do_ctors.o)
 .debug_info    0x0000000000003050       0x83 ../pantiltcontroll_bsp/\libhal_bsp.a(alt_do_dtors.o)
 .debug_info    0x00000000000030d3       0xa6 ../pantiltcontroll_bsp/\libhal_bsp.a(alt_errno.o)
 .debug_info    0x0000000000003179       0x92 ../pantiltcontroll_bsp/\libhal_bsp.a(alt_icache_flush_all.o)
 .debug_info    0x000000000000320b      0x350 ../pantiltcontroll_bsp/\libhal_bsp.a(alt_iic.o)
 .debug_info    0x000000000000355b      0x1ef ../pantiltcontroll_bsp/\libhal_bsp.a(alt_iic_isr_register.o)
 .debug_info    0x000000000000374a      0x4a5 ../pantiltcontroll_bsp/\libhal_bsp.a(alt_io_redirect.o)
 .debug_info    0x0000000000003bef       0x94 ../pantiltcontroll_bsp/\libhal_bsp.a(alt_irq_entry.o)
 .debug_info    0x0000000000003c83      0x187 ../pantiltcontroll_bsp/\libhal_bsp.a(alt_irq_handler.o)
 .debug_info    0x0000000000003e0a       0x88 ../pantiltcontroll_bsp/\libhal_bsp.a(alt_irq_vars.o)
 .debug_info    0x0000000000003e92      0x3bb ../pantiltcontroll_bsp/\libhal_bsp.a(alt_open.o)
 .debug_info    0x000000000000424d      0x2b0 ../pantiltcontroll_bsp/\libhal_bsp.a(alt_release_fd.o)
 .debug_info    0x00000000000044fd      0x299 ../pantiltcontroll_bsp/\libhal_bsp.a(alt_tick.o)
 .debug_info    0x0000000000004796       0x92 ../pantiltcontroll_bsp/\libhal_bsp.a(altera_nios2_gen2_irq.o)
 .debug_info    0x0000000000004828       0x9a ../pantiltcontroll_bsp/\libhal_bsp.a(alt_exception_entry.o)
 .debug_info    0x00000000000048c2      0x2e9 ../pantiltcontroll_bsp/\libhal_bsp.a(alt_find_dev.o)
 .debug_info    0x0000000000004bab      0x2e6 ../pantiltcontroll_bsp/\libhal_bsp.a(alt_find_file.o)
 .debug_info    0x0000000000004e91      0x310 ../pantiltcontroll_bsp/\libhal_bsp.a(alt_get_fd.o)
 .debug_info    0x00000000000051a1       0xdc ../pantiltcontroll_bsp/\libhal_bsp.a(alt_icache_flush.o)
 .debug_info    0x000000000000527d      0x1e7 ../pantiltcontroll_bsp/\libhal_bsp.a(alt_instruction_exception_entry.o)
 .debug_info    0x0000000000005464       0xfe c:/intelfpga_lite/18.1/nios2eds/bin/gnu/h-x86_64-mingw32/bin/../lib/gcc/nios2-elf/5.3.0/../../../../../H-x86_64-mingw32/nios2-elf/lib\libc.a(lib_a-atexit.o)
 .debug_info    0x0000000000005562      0x8e4 c:/intelfpga_lite/18.1/nios2eds/bin/gnu/h-x86_64-mingw32/bin/../lib/gcc/nios2-elf/5.3.0/../../../../../H-x86_64-mingw32/nios2-elf/lib\libc.a(lib_a-exit.o)
 .debug_info    0x0000000000005e46      0x8a1 c:/intelfpga_lite/18.1/nios2eds/bin/gnu/h-x86_64-mingw32/bin/../lib/gcc/nios2-elf/5.3.0/../../../../../H-x86_64-mingw32/nios2-elf/lib\libc.a(lib_a-impure.o)
 .debug_info    0x00000000000066e7       0x8a c:/intelfpga_lite/18.1/nios2eds/bin/gnu/h-x86_64-mingw32/bin/../lib/gcc/nios2-elf/5.3.0/../../../../../H-x86_64-mingw32/nios2-elf/lib\libc.a(lib_a-int_errno.o)
 .debug_info    0x0000000000006771      0x11a c:/intelfpga_lite/18.1/nios2eds/bin/gnu/h-x86_64-mingw32/bin/../lib/gcc/nios2-elf/5.3.0/../../../../../H-x86_64-mingw32/nios2-elf/lib\libc.a(lib_a-memcmp.o)
 .debug_info    0x000000000000688b      0x144 c:/intelfpga_lite/18.1/nios2eds/bin/gnu/h-x86_64-mingw32/bin/../lib/gcc/nios2-elf/5.3.0/../../../../../H-x86_64-mingw32/nios2-elf/lib\libc.a(lib_a-memcpy.o)
 .debug_info    0x00000000000069cf       0xe2 c:/intelfpga_lite/18.1/nios2eds/bin/gnu/h-x86_64-mingw32/bin/../lib/gcc/nios2-elf/5.3.0/../../../../../H-x86_64-mingw32/nios2-elf/lib\libc.a(lib_a-strlen.o)
 .debug_info    0x0000000000006ab1      0x934 c:/intelfpga_lite/18.1/nios2eds/bin/gnu/h-x86_64-mingw32/bin/../lib/gcc/nios2-elf/5.3.0/../../../../../H-x86_64-mingw32/nios2-elf/lib\libc.a(lib_a-__atexit.o)
 .debug_info    0x00000000000073e5      0x965 c:/intelfpga_lite/18.1/nios2eds/bin/gnu/h-x86_64-mingw32/bin/../lib/gcc/nios2-elf/5.3.0/../../../../../H-x86_64-mingw32/nios2-elf/lib\libc.a(lib_a-__call_atexit.o)
 .debug_info    0x0000000000007d4a       0xec ../pantiltcontroll_bsp/\libhal_bsp.a(alt_exit.o)

.debug_abbrev   0x0000000000000000     0x2d3d
 *(.debug_abbrev)
 .debug_abbrev  0x0000000000000000       0x12 ../pantiltcontroll_bsp//obj/HAL/src/crt0.o
 .debug_abbrev  0x0000000000000012       0x8e obj/default/app.o
 .debug_abbrev  0x00000000000000a0       0xe0 obj/default/pantilt/pantilt.o
 .debug_abbrev  0x0000000000000180       0xfa obj/default/pantilt/pwm/pwm.o
 .debug_abbrev  0x000000000000027a      0x10e c:/intelfpga_lite/18.1/nios2eds/bin/gnu/h-x86_64-mingw32/bin/../lib/gcc/nios2-elf/5.3.0\libgcc.a(lib2-divmod.o)
 .debug_abbrev  0x0000000000000388       0x9f ../pantiltcontroll_bsp/\libhal_bsp.a(alt_load.o)
 .debug_abbrev  0x0000000000000427       0xba ../pantiltcontroll_bsp/\libhal_bsp.a(alt_main.o)
 .debug_abbrev  0x00000000000004e1       0x60 ../pantiltcontroll_bsp/\libhal_bsp.a(alt_usleep.o)
 .debug_abbrev  0x0000000000000541      0x187 ../pantiltcontroll_bsp/\libhal_bsp.a(alt_sys_init.o)
 .debug_abbrev  0x00000000000006c8      0x127 ../pantiltcontroll_bsp/\libhal_bsp.a(altera_avalon_jtag_uart_fd.o)
 .debug_abbrev  0x00000000000007ef      0x19e ../pantiltcontroll_bsp/\libhal_bsp.a(altera_avalon_jtag_uart_init.o)
 .debug_abbrev  0x000000000000098d      0x111 ../pantiltcontroll_bsp/\libhal_bsp.a(altera_avalon_jtag_uart_ioctl.o)
 .debug_abbrev  0x0000000000000a9e      0x1aa ../pantiltcontroll_bsp/\libhal_bsp.a(altera_avalon_jtag_uart_read.o)
 .debug_abbrev  0x0000000000000c48      0x1a8 ../pantiltcontroll_bsp/\libhal_bsp.a(altera_avalon_jtag_uart_write.o)
 .debug_abbrev  0x0000000000000df0      0x162 ../pantiltcontroll_bsp/\libhal_bsp.a(alt_alarm_start.o)
 .debug_abbrev  0x0000000000000f52       0x7e ../pantiltcontroll_bsp/\libhal_bsp.a(alt_busy_sleep.o)
 .debug_abbrev  0x0000000000000fd0      0x11f ../pantiltcontroll_bsp/\libhal_bsp.a(alt_close.o)
 .debug_abbrev  0x00000000000010ef       0x5a ../pantiltcontroll_bsp/\libhal_bsp.a(alt_dcache_flush_all.o)
 .debug_abbrev  0x0000000000001149       0xd9 ../pantiltcontroll_bsp/\libhal_bsp.a(alt_dev.o)
 .debug_abbrev  0x0000000000001222      0x114 ../pantiltcontroll_bsp/\libhal_bsp.a(alt_dev_llist_insert.o)
 .debug_abbrev  0x0000000000001336       0x79 ../pantiltcontroll_bsp/\libhal_bsp.a(alt_do_ctors.o)
 .debug_abbrev  0x00000000000013af       0x79 ../pantiltcontroll_bsp/\libhal_bsp.a(alt_do_dtors.o)
 .debug_abbrev  0x0000000000001428       0x5a ../pantiltcontroll_bsp/\libhal_bsp.a(alt_errno.o)
 .debug_abbrev  0x0000000000001482       0x42 ../pantiltcontroll_bsp/\libhal_bsp.a(alt_icache_flush_all.o)
 .debug_abbrev  0x00000000000014c4      0x163 ../pantiltcontroll_bsp/\libhal_bsp.a(alt_iic.o)
 .debug_abbrev  0x0000000000001627      0x169 ../pantiltcontroll_bsp/\libhal_bsp.a(alt_iic_isr_register.o)
 .debug_abbrev  0x0000000000001790      0x114 ../pantiltcontroll_bsp/\libhal_bsp.a(alt_io_redirect.o)
 .debug_abbrev  0x00000000000018a4       0x12 ../pantiltcontroll_bsp/\libhal_bsp.a(alt_irq_entry.o)
 .debug_abbrev  0x00000000000018b6      0x122 ../pantiltcontroll_bsp/\libhal_bsp.a(alt_irq_handler.o)
 .debug_abbrev  0x00000000000019d8       0x40 ../pantiltcontroll_bsp/\libhal_bsp.a(alt_irq_vars.o)
 .debug_abbrev  0x0000000000001a18      0x148 ../pantiltcontroll_bsp/\libhal_bsp.a(alt_open.o)
 .debug_abbrev  0x0000000000001b60       0xde ../pantiltcontroll_bsp/\libhal_bsp.a(alt_release_fd.o)
 .debug_abbrev  0x0000000000001c3e      0x15a ../pantiltcontroll_bsp/\libhal_bsp.a(alt_tick.o)
 .debug_abbrev  0x0000000000001d98       0x42 ../pantiltcontroll_bsp/\libhal_bsp.a(altera_nios2_gen2_irq.o)
 .debug_abbrev  0x0000000000001dda       0x12 ../pantiltcontroll_bsp/\libhal_bsp.a(alt_exception_entry.o)
 .debug_abbrev  0x0000000000001dec       0xf0 ../pantiltcontroll_bsp/\libhal_bsp.a(alt_find_dev.o)
 .debug_abbrev  0x0000000000001edc       0xf0 ../pantiltcontroll_bsp/\libhal_bsp.a(alt_find_file.o)
 .debug_abbrev  0x0000000000001fcc      0x10d ../pantiltcontroll_bsp/\libhal_bsp.a(alt_get_fd.o)
 .debug_abbrev  0x00000000000020d9       0x8c ../pantiltcontroll_bsp/\libhal_bsp.a(alt_icache_flush.o)
 .debug_abbrev  0x0000000000002165       0xdc ../pantiltcontroll_bsp/\libhal_bsp.a(alt_instruction_exception_entry.o)
 .debug_abbrev  0x0000000000002241       0xaa c:/intelfpga_lite/18.1/nios2eds/bin/gnu/h-x86_64-mingw32/bin/../lib/gcc/nios2-elf/5.3.0/../../../../../H-x86_64-mingw32/nios2-elf/lib\libc.a(lib_a-atexit.o)
 .debug_abbrev  0x00000000000022eb      0x1e5 c:/intelfpga_lite/18.1/nios2eds/bin/gnu/h-x86_64-mingw32/bin/../lib/gcc/nios2-elf/5.3.0/../../../../../H-x86_64-mingw32/nios2-elf/lib\libc.a(lib_a-exit.o)
 .debug_abbrev  0x00000000000024d0      0x18f c:/intelfpga_lite/18.1/nios2eds/bin/gnu/h-x86_64-mingw32/bin/../lib/gcc/nios2-elf/5.3.0/../../../../../H-x86_64-mingw32/nios2-elf/lib\libc.a(lib_a-impure.o)
 .debug_abbrev  0x000000000000265f       0x37 c:/intelfpga_lite/18.1/nios2eds/bin/gnu/h-x86_64-mingw32/bin/../lib/gcc/nios2-elf/5.3.0/../../../../../H-x86_64-mingw32/nios2-elf/lib\libc.a(lib_a-int_errno.o)
 .debug_abbrev  0x0000000000002696       0x7f c:/intelfpga_lite/18.1/nios2eds/bin/gnu/h-x86_64-mingw32/bin/../lib/gcc/nios2-elf/5.3.0/../../../../../H-x86_64-mingw32/nios2-elf/lib\libc.a(lib_a-memcmp.o)
 .debug_abbrev  0x0000000000002715       0xa3 c:/intelfpga_lite/18.1/nios2eds/bin/gnu/h-x86_64-mingw32/bin/../lib/gcc/nios2-elf/5.3.0/../../../../../H-x86_64-mingw32/nios2-elf/lib\libc.a(lib_a-memcpy.o)
 .debug_abbrev  0x00000000000027b8       0x90 c:/intelfpga_lite/18.1/nios2eds/bin/gnu/h-x86_64-mingw32/bin/../lib/gcc/nios2-elf/5.3.0/../../../../../H-x86_64-mingw32/nios2-elf/lib\libc.a(lib_a-strlen.o)
 .debug_abbrev  0x0000000000002848      0x21e c:/intelfpga_lite/18.1/nios2eds/bin/gnu/h-x86_64-mingw32/bin/../lib/gcc/nios2-elf/5.3.0/../../../../../H-x86_64-mingw32/nios2-elf/lib\libc.a(lib_a-__atexit.o)
 .debug_abbrev  0x0000000000002a66      0x22e c:/intelfpga_lite/18.1/nios2eds/bin/gnu/h-x86_64-mingw32/bin/../lib/gcc/nios2-elf/5.3.0/../../../../../H-x86_64-mingw32/nios2-elf/lib\libc.a(lib_a-__call_atexit.o)
 .debug_abbrev  0x0000000000002c94       0xa9 ../pantiltcontroll_bsp/\libhal_bsp.a(alt_exit.o)

.debug_line     0x0000000000000000     0x2f91
 *(.debug_line)
 .debug_line    0x0000000000000000       0x72 ../pantiltcontroll_bsp//obj/HAL/src/crt0.o
 .debug_line    0x0000000000000072      0x17c obj/default/app.o
 .debug_line    0x00000000000001ee      0x15c obj/default/pantilt/pantilt.o
 .debug_line    0x000000000000034a      0x15d obj/default/pantilt/pwm/pwm.o
 .debug_line    0x00000000000004a7      0x102 c:/intelfpga_lite/18.1/nios2eds/bin/gnu/h-x86_64-mingw32/bin/../lib/gcc/nios2-elf/5.3.0\libgcc.a(lib2-divmod.o)
 .debug_line    0x00000000000005a9       0x8e ../pantiltcontroll_bsp/\libhal_bsp.a(alt_load.o)
 .debug_line    0x0000000000000637       0xa4 ../pantiltcontroll_bsp/\libhal_bsp.a(alt_main.o)
 .debug_line    0x00000000000006db       0xad ../pantiltcontroll_bsp/\libhal_bsp.a(alt_usleep.o)
 .debug_line    0x0000000000000788      0x136 ../pantiltcontroll_bsp/\libhal_bsp.a(alt_sys_init.o)
 .debug_line    0x00000000000008be      0x12f ../pantiltcontroll_bsp/\libhal_bsp.a(altera_avalon_jtag_uart_fd.o)
 .debug_line    0x00000000000009ed      0x18b ../pantiltcontroll_bsp/\libhal_bsp.a(altera_avalon_jtag_uart_init.o)
 .debug_line    0x0000000000000b78      0x131 ../pantiltcontroll_bsp/\libhal_bsp.a(altera_avalon_jtag_uart_ioctl.o)
 .debug_line    0x0000000000000ca9      0x171 ../pantiltcontroll_bsp/\libhal_bsp.a(altera_avalon_jtag_uart_read.o)
 .debug_line    0x0000000000000e1a      0x170 ../pantiltcontroll_bsp/\libhal_bsp.a(altera_avalon_jtag_uart_write.o)
 .debug_line    0x0000000000000f8a       0xf9 ../pantiltcontroll_bsp/\libhal_bsp.a(alt_alarm_start.o)
 .debug_line    0x0000000000001083       0xa0 ../pantiltcontroll_bsp/\libhal_bsp.a(alt_busy_sleep.o)
 .debug_line    0x0000000000001123      0x165 ../pantiltcontroll_bsp/\libhal_bsp.a(alt_close.o)
 .debug_line    0x0000000000001288       0x61 ../pantiltcontroll_bsp/\libhal_bsp.a(alt_dcache_flush_all.o)
 .debug_line    0x00000000000012e9       0xf8 ../pantiltcontroll_bsp/\libhal_bsp.a(alt_dev.o)
 .debug_line    0x00000000000013e1       0xcf ../pantiltcontroll_bsp/\libhal_bsp.a(alt_dev_llist_insert.o)
 .debug_line    0x00000000000014b0       0x59 ../pantiltcontroll_bsp/\libhal_bsp.a(alt_do_ctors.o)
 .debug_line    0x0000000000001509       0x59 ../pantiltcontroll_bsp/\libhal_bsp.a(alt_do_dtors.o)
 .debug_line    0x0000000000001562       0x51 ../pantiltcontroll_bsp/\libhal_bsp.a(alt_errno.o)
 .debug_line    0x00000000000015b3       0x50 ../pantiltcontroll_bsp/\libhal_bsp.a(alt_icache_flush_all.o)
 .debug_line    0x0000000000001603       0xeb ../pantiltcontroll_bsp/\libhal_bsp.a(alt_iic.o)
 .debug_line    0x00000000000016ee       0xdb ../pantiltcontroll_bsp/\libhal_bsp.a(alt_iic_isr_register.o)
 .debug_line    0x00000000000017c9      0x133 ../pantiltcontroll_bsp/\libhal_bsp.a(alt_io_redirect.o)
 .debug_line    0x00000000000018fc       0x6b ../pantiltcontroll_bsp/\libhal_bsp.a(alt_irq_entry.o)
 .debug_line    0x0000000000001967       0xaa ../pantiltcontroll_bsp/\libhal_bsp.a(alt_irq_handler.o)
 .debug_line    0x0000000000001a11       0x50 ../pantiltcontroll_bsp/\libhal_bsp.a(alt_irq_vars.o)
 .debug_line    0x0000000000001a61      0x128 ../pantiltcontroll_bsp/\libhal_bsp.a(alt_open.o)
 .debug_line    0x0000000000001b89       0xae ../pantiltcontroll_bsp/\libhal_bsp.a(alt_release_fd.o)
 .debug_line    0x0000000000001c37       0xff ../pantiltcontroll_bsp/\libhal_bsp.a(alt_tick.o)
 .debug_line    0x0000000000001d36       0x51 ../pantiltcontroll_bsp/\libhal_bsp.a(altera_nios2_gen2_irq.o)
 .debug_line    0x0000000000001d87       0xb3 ../pantiltcontroll_bsp/\libhal_bsp.a(alt_exception_entry.o)
 .debug_line    0x0000000000001e3a       0xb5 ../pantiltcontroll_bsp/\libhal_bsp.a(alt_find_dev.o)
 .debug_line    0x0000000000001eef       0xd1 ../pantiltcontroll_bsp/\libhal_bsp.a(alt_find_file.o)
 .debug_line    0x0000000000001fc0       0xd4 ../pantiltcontroll_bsp/\libhal_bsp.a(alt_get_fd.o)
 .debug_line    0x0000000000002094       0x81 ../pantiltcontroll_bsp/\libhal_bsp.a(alt_icache_flush.o)
 .debug_line    0x0000000000002115       0xba ../pantiltcontroll_bsp/\libhal_bsp.a(alt_instruction_exception_entry.o)
 .debug_line    0x00000000000021cf       0xe4 c:/intelfpga_lite/18.1/nios2eds/bin/gnu/h-x86_64-mingw32/bin/../lib/gcc/nios2-elf/5.3.0/../../../../../H-x86_64-mingw32/nios2-elf/lib\libc.a(lib_a-atexit.o)
 .debug_line    0x00000000000022b3      0x1f9 c:/intelfpga_lite/18.1/nios2eds/bin/gnu/h-x86_64-mingw32/bin/../lib/gcc/nios2-elf/5.3.0/../../../../../H-x86_64-mingw32/nios2-elf/lib\libc.a(lib_a-exit.o)
 .debug_line    0x00000000000024ac      0x15d c:/intelfpga_lite/18.1/nios2eds/bin/gnu/h-x86_64-mingw32/bin/../lib/gcc/nios2-elf/5.3.0/../../../../../H-x86_64-mingw32/nios2-elf/lib\libc.a(lib_a-impure.o)
 .debug_line    0x0000000000002609       0x5c c:/intelfpga_lite/18.1/nios2eds/bin/gnu/h-x86_64-mingw32/bin/../lib/gcc/nios2-elf/5.3.0/../../../../../H-x86_64-mingw32/nios2-elf/lib\libc.a(lib_a-int_errno.o)
 .debug_line    0x0000000000002665      0x173 c:/intelfpga_lite/18.1/nios2eds/bin/gnu/h-x86_64-mingw32/bin/../lib/gcc/nios2-elf/5.3.0/../../../../../H-x86_64-mingw32/nios2-elf/lib\libc.a(lib_a-memcmp.o)
 .debug_line    0x00000000000027d8      0x189 c:/intelfpga_lite/18.1/nios2eds/bin/gnu/h-x86_64-mingw32/bin/../lib/gcc/nios2-elf/5.3.0/../../../../../H-x86_64-mingw32/nios2-elf/lib\libc.a(lib_a-memcpy.o)
 .debug_line    0x0000000000002961      0x16c c:/intelfpga_lite/18.1/nios2eds/bin/gnu/h-x86_64-mingw32/bin/../lib/gcc/nios2-elf/5.3.0/../../../../../H-x86_64-mingw32/nios2-elf/lib\libc.a(lib_a-strlen.o)
 .debug_line    0x0000000000002acd      0x21c c:/intelfpga_lite/18.1/nios2eds/bin/gnu/h-x86_64-mingw32/bin/../lib/gcc/nios2-elf/5.3.0/../../../../../H-x86_64-mingw32/nios2-elf/lib\libc.a(lib_a-__atexit.o)
 .debug_line    0x0000000000002ce9      0x237 c:/intelfpga_lite/18.1/nios2eds/bin/gnu/h-x86_64-mingw32/bin/../lib/gcc/nios2-elf/5.3.0/../../../../../H-x86_64-mingw32/nios2-elf/lib\libc.a(lib_a-__call_atexit.o)
 .debug_line    0x0000000000002f20       0x71 ../pantiltcontroll_bsp/\libhal_bsp.a(alt_exit.o)

.debug_frame    0x0000000000000000      0xd7c
 *(.debug_frame)
 .debug_frame   0x0000000000000000       0x2c obj/default/app.o
 .debug_frame   0x000000000000002c      0x150 obj/default/pantilt/pantilt.o
 .debug_frame   0x000000000000017c       0xcc obj/default/pantilt/pwm/pwm.o
 .debug_frame   0x0000000000000248       0x50 c:/intelfpga_lite/18.1/nios2eds/bin/gnu/h-x86_64-mingw32/bin/../lib/gcc/nios2-elf/5.3.0\libgcc.a(lib2-divmod.o)
 .debug_frame   0x0000000000000298       0x5c ../pantiltcontroll_bsp/\libhal_bsp.a(alt_load.o)
 .debug_frame   0x00000000000002f4       0x2c ../pantiltcontroll_bsp/\libhal_bsp.a(alt_main.o)
 .debug_frame   0x0000000000000320       0x38 ../pantiltcontroll_bsp/\libhal_bsp.a(alt_usleep.o)
 .debug_frame   0x0000000000000358       0x88 ../pantiltcontroll_bsp/\libhal_bsp.a(alt_sys_init.o)
 .debug_frame   0x00000000000003e0       0xb0 ../pantiltcontroll_bsp/\libhal_bsp.a(altera_avalon_jtag_uart_fd.o)
 .debug_frame   0x0000000000000490       0xa4 ../pantiltcontroll_bsp/\libhal_bsp.a(altera_avalon_jtag_uart_init.o)
 .debug_frame   0x0000000000000534       0x34 ../pantiltcontroll_bsp/\libhal_bsp.a(altera_avalon_jtag_uart_ioctl.o)
 .debug_frame   0x0000000000000568       0x38 ../pantiltcontroll_bsp/\libhal_bsp.a(altera_avalon_jtag_uart_read.o)
 .debug_frame   0x00000000000005a0       0x38 ../pantiltcontroll_bsp/\libhal_bsp.a(altera_avalon_jtag_uart_write.o)
 .debug_frame   0x00000000000005d8       0x34 ../pantiltcontroll_bsp/\libhal_bsp.a(alt_alarm_start.o)
 .debug_frame   0x000000000000060c       0x38 ../pantiltcontroll_bsp/\libhal_bsp.a(alt_busy_sleep.o)
 .debug_frame   0x0000000000000644       0x60 ../pantiltcontroll_bsp/\libhal_bsp.a(alt_close.o)
 .debug_frame   0x00000000000006a4       0x34 ../pantiltcontroll_bsp/\libhal_bsp.a(alt_dcache_flush_all.o)
 .debug_frame   0x00000000000006d8       0x34 ../pantiltcontroll_bsp/\libhal_bsp.a(alt_dev.o)
 .debug_frame   0x000000000000070c       0x60 ../pantiltcontroll_bsp/\libhal_bsp.a(alt_dev_llist_insert.o)
 .debug_frame   0x000000000000076c       0x38 ../pantiltcontroll_bsp/\libhal_bsp.a(alt_do_ctors.o)
 .debug_frame   0x00000000000007a4       0x38 ../pantiltcontroll_bsp/\libhal_bsp.a(alt_do_dtors.o)
 .debug_frame   0x00000000000007dc       0x38 ../pantiltcontroll_bsp/\libhal_bsp.a(alt_icache_flush_all.o)
 .debug_frame   0x0000000000000814       0xa4 ../pantiltcontroll_bsp/\libhal_bsp.a(alt_iic.o)
 .debug_frame   0x00000000000008b8       0x38 ../pantiltcontroll_bsp/\libhal_bsp.a(alt_iic_isr_register.o)
 .debug_frame   0x00000000000008f0       0x60 ../pantiltcontroll_bsp/\libhal_bsp.a(alt_io_redirect.o)
 .debug_frame   0x0000000000000950       0x38 ../pantiltcontroll_bsp/\libhal_bsp.a(alt_irq_handler.o)
 .debug_frame   0x0000000000000988       0x84 ../pantiltcontroll_bsp/\libhal_bsp.a(alt_open.o)
 .debug_frame   0x0000000000000a0c       0x34 ../pantiltcontroll_bsp/\libhal_bsp.a(alt_release_fd.o)
 .debug_frame   0x0000000000000a40       0x5c ../pantiltcontroll_bsp/\libhal_bsp.a(alt_tick.o)
 .debug_frame   0x0000000000000a9c       0x34 ../pantiltcontroll_bsp/\libhal_bsp.a(altera_nios2_gen2_irq.o)
 .debug_frame   0x0000000000000ad0       0x38 ../pantiltcontroll_bsp/\libhal_bsp.a(alt_find_dev.o)
 .debug_frame   0x0000000000000b08       0x38 ../pantiltcontroll_bsp/\libhal_bsp.a(alt_find_file.o)
 .debug_frame   0x0000000000000b40       0x34 ../pantiltcontroll_bsp/\libhal_bsp.a(alt_get_fd.o)
 .debug_frame   0x0000000000000b74       0x34 ../pantiltcontroll_bsp/\libhal_bsp.a(alt_icache_flush.o)
 .debug_frame   0x0000000000000ba8       0x5c ../pantiltcontroll_bsp/\libhal_bsp.a(alt_instruction_exception_entry.o)
 .debug_frame   0x0000000000000c04       0x20 c:/intelfpga_lite/18.1/nios2eds/bin/gnu/h-x86_64-mingw32/bin/../lib/gcc/nios2-elf/5.3.0/../../../../../H-x86_64-mingw32/nios2-elf/lib\libc.a(lib_a-atexit.o)
 .debug_frame   0x0000000000000c24       0x28 c:/intelfpga_lite/18.1/nios2eds/bin/gnu/h-x86_64-mingw32/bin/../lib/gcc/nios2-elf/5.3.0/../../../../../H-x86_64-mingw32/nios2-elf/lib\libc.a(lib_a-exit.o)
 .debug_frame   0x0000000000000c4c       0x20 c:/intelfpga_lite/18.1/nios2eds/bin/gnu/h-x86_64-mingw32/bin/../lib/gcc/nios2-elf/5.3.0/../../../../../H-x86_64-mingw32/nios2-elf/lib\libc.a(lib_a-memcmp.o)
 .debug_frame   0x0000000000000c6c       0x38 c:/intelfpga_lite/18.1/nios2eds/bin/gnu/h-x86_64-mingw32/bin/../lib/gcc/nios2-elf/5.3.0/../../../../../H-x86_64-mingw32/nios2-elf/lib\libc.a(lib_a-memcpy.o)
 .debug_frame   0x0000000000000ca4       0x20 c:/intelfpga_lite/18.1/nios2eds/bin/gnu/h-x86_64-mingw32/bin/../lib/gcc/nios2-elf/5.3.0/../../../../../H-x86_64-mingw32/nios2-elf/lib\libc.a(lib_a-strlen.o)
 .debug_frame   0x0000000000000cc4       0x38 c:/intelfpga_lite/18.1/nios2eds/bin/gnu/h-x86_64-mingw32/bin/../lib/gcc/nios2-elf/5.3.0/../../../../../H-x86_64-mingw32/nios2-elf/lib\libc.a(lib_a-__atexit.o)
 .debug_frame   0x0000000000000cfc       0x54 c:/intelfpga_lite/18.1/nios2eds/bin/gnu/h-x86_64-mingw32/bin/../lib/gcc/nios2-elf/5.3.0/../../../../../H-x86_64-mingw32/nios2-elf/lib\libc.a(lib_a-__call_atexit.o)
 .debug_frame   0x0000000000000d50       0x2c ../pantiltcontroll_bsp/\libhal_bsp.a(alt_exit.o)

.debug_str      0x0000000000000000     0x1d77
 *(.debug_str)
 .debug_str     0x0000000000000000      0x14b obj/default/app.o
                                        0x197 (size before relaxing)
 .debug_str     0x000000000000014b       0xe3 obj/default/pantilt/pantilt.o
                                        0x239 (size before relaxing)
 .debug_str     0x000000000000022e       0x64 obj/default/pantilt/pwm/pwm.o
                                        0x1ad (size before relaxing)
 .debug_str     0x0000000000000292      0x16d c:/intelfpga_lite/18.1/nios2eds/bin/gnu/h-x86_64-mingw32/bin/../lib/gcc/nios2-elf/5.3.0\libgcc.a(lib2-divmod.o)
                                        0x1b8 (size before relaxing)
 .debug_str     0x00000000000003ff      0x148 ../pantiltcontroll_bsp/\libhal_bsp.a(alt_load.o)
                                        0x22c (size before relaxing)
 .debug_str     0x0000000000000547       0x70 ../pantiltcontroll_bsp/\libhal_bsp.a(alt_main.o)
                                        0x1b7 (size before relaxing)
 .debug_str     0x00000000000005b7       0x27 ../pantiltcontroll_bsp/\libhal_bsp.a(alt_usleep.o)
                                        0x162 (size before relaxing)
 .debug_str     0x00000000000005de      0x199 ../pantiltcontroll_bsp/\libhal_bsp.a(alt_sys_init.o)
                                        0x370 (size before relaxing)
 .debug_str     0x0000000000000777       0xb9 ../pantiltcontroll_bsp/\libhal_bsp.a(altera_avalon_jtag_uart_fd.o)
                                        0x3be (size before relaxing)
 .debug_str     0x0000000000000830       0xd1 ../pantiltcontroll_bsp/\libhal_bsp.a(altera_avalon_jtag_uart_init.o)
                                        0x352 (size before relaxing)
 .debug_str     0x0000000000000901       0x4a ../pantiltcontroll_bsp/\libhal_bsp.a(altera_avalon_jtag_uart_ioctl.o)
                                        0x2ad (size before relaxing)
 .debug_str     0x000000000000094b       0x7f ../pantiltcontroll_bsp/\libhal_bsp.a(altera_avalon_jtag_uart_read.o)
                                        0x302 (size before relaxing)
 .debug_str     0x00000000000009ca       0x4a ../pantiltcontroll_bsp/\libhal_bsp.a(altera_avalon_jtag_uart_write.o)
                                        0x303 (size before relaxing)
 .debug_str     0x0000000000000a14       0x59 ../pantiltcontroll_bsp/\libhal_bsp.a(alt_alarm_start.o)
                                        0x298 (size before relaxing)
 .debug_str     0x0000000000000a6d       0x42 ../pantiltcontroll_bsp/\libhal_bsp.a(alt_busy_sleep.o)
                                        0x185 (size before relaxing)
 .debug_str     0x0000000000000aaf       0x44 ../pantiltcontroll_bsp/\libhal_bsp.a(alt_close.o)
                                        0x225 (size before relaxing)
 .debug_str     0x0000000000000af3       0x34 ../pantiltcontroll_bsp/\libhal_bsp.a(alt_dcache_flush_all.o)
                                        0x16f (size before relaxing)
 .debug_str     0x0000000000000b27      0x120 ../pantiltcontroll_bsp/\libhal_bsp.a(alt_dev.o)
                                        0x31f (size before relaxing)
 .debug_str     0x0000000000000c47       0x34 ../pantiltcontroll_bsp/\libhal_bsp.a(alt_dev_llist_insert.o)
                                        0x1e6 (size before relaxing)
 .debug_str     0x0000000000000c7b       0x48 ../pantiltcontroll_bsp/\libhal_bsp.a(alt_do_ctors.o)
                                         0xea (size before relaxing)
 .debug_str     0x0000000000000cc3       0x4c ../pantiltcontroll_bsp/\libhal_bsp.a(alt_do_dtors.o)
                                         0xe9 (size before relaxing)
 .debug_str     0x0000000000000d0f       0x14 ../pantiltcontroll_bsp/\libhal_bsp.a(alt_errno.o)
                                        0x15f (size before relaxing)
 .debug_str     0x0000000000000d23       0x34 ../pantiltcontroll_bsp/\libhal_bsp.a(alt_icache_flush_all.o)
                                        0x16f (size before relaxing)
 .debug_str     0x0000000000000d57       0xc4 ../pantiltcontroll_bsp/\libhal_bsp.a(alt_iic.o)
                                        0x258 (size before relaxing)
 .debug_str     0x0000000000000e1b       0x4c ../pantiltcontroll_bsp/\libhal_bsp.a(alt_iic_isr_register.o)
                                        0x202 (size before relaxing)
 .debug_str     0x0000000000000e67       0x56 ../pantiltcontroll_bsp/\libhal_bsp.a(alt_io_redirect.o)
                                        0x330 (size before relaxing)
 .debug_str     0x0000000000000ebd       0x3a ../pantiltcontroll_bsp/\libhal_bsp.a(alt_irq_handler.o)
                                        0x1b1 (size before relaxing)
 .debug_str     0x0000000000000ef7       0x17 ../pantiltcontroll_bsp/\libhal_bsp.a(alt_irq_vars.o)
                                        0x154 (size before relaxing)
 .debug_str     0x0000000000000f0e       0x2f ../pantiltcontroll_bsp/\libhal_bsp.a(alt_open.o)
                                        0x265 (size before relaxing)
 .debug_str     0x0000000000000f3d       0x28 ../pantiltcontroll_bsp/\libhal_bsp.a(alt_release_fd.o)
                                        0x1ed (size before relaxing)
 .debug_str     0x0000000000000f65       0x4a ../pantiltcontroll_bsp/\libhal_bsp.a(alt_tick.o)
                                        0x26c (size before relaxing)
 .debug_str     0x0000000000000faf       0x3b ../pantiltcontroll_bsp/\libhal_bsp.a(altera_nios2_gen2_irq.o)
                                        0x176 (size before relaxing)
 .debug_str     0x0000000000000fea       0x24 ../pantiltcontroll_bsp/\libhal_bsp.a(alt_find_dev.o)
                                        0x206 (size before relaxing)
 .debug_str     0x000000000000100e       0x26 ../pantiltcontroll_bsp/\libhal_bsp.a(alt_find_file.o)
                                        0x214 (size before relaxing)
 .debug_str     0x0000000000001034       0x30 ../pantiltcontroll_bsp/\libhal_bsp.a(alt_get_fd.o)
                                        0x236 (size before relaxing)
 .debug_str     0x0000000000001064       0x2c ../pantiltcontroll_bsp/\libhal_bsp.a(alt_icache_flush.o)
                                        0x175 (size before relaxing)
 .debug_str     0x0000000000001090      0x48b ../pantiltcontroll_bsp/\libhal_bsp.a(alt_instruction_exception_entry.o)
                                        0x5ba (size before relaxing)
 .debug_str     0x000000000000151b      0x162 c:/intelfpga_lite/18.1/nios2eds/bin/gnu/h-x86_64-mingw32/bin/../lib/gcc/nios2-elf/5.3.0/../../../../../H-x86_64-mingw32/nios2-elf/lib\libc.a(lib_a-atexit.o)
                                        0x207 (size before relaxing)
 .debug_str     0x000000000000167d      0x3ac c:/intelfpga_lite/18.1/nios2eds/bin/gnu/h-x86_64-mingw32/bin/../lib/gcc/nios2-elf/5.3.0/../../../../../H-x86_64-mingw32/nios2-elf/lib\libc.a(lib_a-exit.o)
                                        0x5a4 (size before relaxing)
 .debug_str     0x0000000000001a29       0xc8 c:/intelfpga_lite/18.1/nios2eds/bin/gnu/h-x86_64-mingw32/bin/../lib/gcc/nios2-elf/5.3.0/../../../../../H-x86_64-mingw32/nios2-elf/lib\libc.a(lib_a-impure.o)
                                        0x59b (size before relaxing)
 .debug_str     0x0000000000001af1       0x3c c:/intelfpga_lite/18.1/nios2eds/bin/gnu/h-x86_64-mingw32/bin/../lib/gcc/nios2-elf/5.3.0/../../../../../H-x86_64-mingw32/nios2-elf/lib\libc.a(lib_a-int_errno.o)
                                        0x1c3 (size before relaxing)
 .debug_str     0x0000000000001b2d       0xcc c:/intelfpga_lite/18.1/nios2eds/bin/gnu/h-x86_64-mingw32/bin/../lib/gcc/nios2-elf/5.3.0/../../../../../H-x86_64-mingw32/nios2-elf/lib\libc.a(lib_a-memcmp.o)
                                        0x1ca (size before relaxing)
 .debug_str     0x0000000000001bf9       0x68 c:/intelfpga_lite/18.1/nios2eds/bin/gnu/h-x86_64-mingw32/bin/../lib/gcc/nios2-elf/5.3.0/../../../../../H-x86_64-mingw32/nios2-elf/lib\libc.a(lib_a-memcpy.o)
                                        0x1f1 (size before relaxing)
 .debug_str     0x0000000000001c61       0x4e c:/intelfpga_lite/18.1/nios2eds/bin/gnu/h-x86_64-mingw32/bin/../lib/gcc/nios2-elf/5.3.0/../../../../../H-x86_64-mingw32/nios2-elf/lib\libc.a(lib_a-strlen.o)
                                        0x1dd (size before relaxing)
 .debug_str     0x0000000000001caf       0x3c c:/intelfpga_lite/18.1/nios2eds/bin/gnu/h-x86_64-mingw32/bin/../lib/gcc/nios2-elf/5.3.0/../../../../../H-x86_64-mingw32/nios2-elf/lib\libc.a(lib_a-__atexit.o)
                                        0x5dc (size before relaxing)
 .debug_str     0x0000000000001ceb       0x62 c:/intelfpga_lite/18.1/nios2eds/bin/gnu/h-x86_64-mingw32/bin/../lib/gcc/nios2-elf/5.3.0/../../../../../H-x86_64-mingw32/nios2-elf/lib\libc.a(lib_a-__call_atexit.o)
                                        0x5c8 (size before relaxing)
 .debug_str     0x0000000000001d4d       0x2a ../pantiltcontroll_bsp/\libhal_bsp.a(alt_exit.o)
                                        0x16b (size before relaxing)

.debug_loc      0x0000000000000000      0xc3e
 *(.debug_loc)
 .debug_loc     0x0000000000000000      0x4ce c:/intelfpga_lite/18.1/nios2eds/bin/gnu/h-x86_64-mingw32/bin/../lib/gcc/nios2-elf/5.3.0\libgcc.a(lib2-divmod.o)
 .debug_loc     0x00000000000004ce       0x2c c:/intelfpga_lite/18.1/nios2eds/bin/gnu/h-x86_64-mingw32/bin/../lib/gcc/nios2-elf/5.3.0/../../../../../H-x86_64-mingw32/nios2-elf/lib\libc.a(lib_a-atexit.o)
 .debug_loc     0x00000000000004fa       0x1e c:/intelfpga_lite/18.1/nios2eds/bin/gnu/h-x86_64-mingw32/bin/../lib/gcc/nios2-elf/5.3.0/../../../../../H-x86_64-mingw32/nios2-elf/lib\libc.a(lib_a-exit.o)
 .debug_loc     0x0000000000000518      0x126 c:/intelfpga_lite/18.1/nios2eds/bin/gnu/h-x86_64-mingw32/bin/../lib/gcc/nios2-elf/5.3.0/../../../../../H-x86_64-mingw32/nios2-elf/lib\libc.a(lib_a-memcmp.o)
 .debug_loc     0x000000000000063e      0x266 c:/intelfpga_lite/18.1/nios2eds/bin/gnu/h-x86_64-mingw32/bin/../lib/gcc/nios2-elf/5.3.0/../../../../../H-x86_64-mingw32/nios2-elf/lib\libc.a(lib_a-memcpy.o)
 .debug_loc     0x00000000000008a4       0x47 c:/intelfpga_lite/18.1/nios2eds/bin/gnu/h-x86_64-mingw32/bin/../lib/gcc/nios2-elf/5.3.0/../../../../../H-x86_64-mingw32/nios2-elf/lib\libc.a(lib_a-strlen.o)
 .debug_loc     0x00000000000008eb      0x185 c:/intelfpga_lite/18.1/nios2eds/bin/gnu/h-x86_64-mingw32/bin/../lib/gcc/nios2-elf/5.3.0/../../../../../H-x86_64-mingw32/nios2-elf/lib\libc.a(lib_a-__atexit.o)
 .debug_loc     0x0000000000000a70      0x1ce c:/intelfpga_lite/18.1/nios2eds/bin/gnu/h-x86_64-mingw32/bin/../lib/gcc/nios2-elf/5.3.0/../../../../../H-x86_64-mingw32/nios2-elf/lib\libc.a(lib_a-__call_atexit.o)

.debug_macinfo
 *(.debug_macinfo)

.debug_weaknames
 *(.debug_weaknames)

.debug_funcnames
 *(.debug_funcnames)

.debug_typenames
 *(.debug_typenames)

.debug_varnames
 *(.debug_varnames)

.debug_alt_sim_info
                0x0000000000000000       0x60
 *(.debug_alt_sim_info)
 .debug_alt_sim_info
                0x0000000000000000       0x30 ../pantiltcontroll_bsp//obj/HAL/src/crt0.o
 .debug_alt_sim_info
                0x0000000000000030       0x30 ../pantiltcontroll_bsp/\libhal_bsp.a(alt_busy_sleep.o)
                0x0000000000072000                __alt_data_end = 0x72000
                0x0000000000072000                PROVIDE (__alt_stack_pointer, __alt_data_end)
                [!provide]                        PROVIDE (__alt_stack_limit, __alt_stack_base)
                [!provide]                        PROVIDE (__alt_heap_start, end)
                [!provide]                        PROVIDE (__alt_heap_limit, 0x72000)
OUTPUT(pantiltcontroll.elf elf32-littlenios2)

.debug_ranges   0x0000000000000000      0x1d8
 .debug_ranges  0x0000000000000000       0x20 ../pantiltcontroll_bsp//obj/HAL/src/crt0.o
 .debug_ranges  0x0000000000000020       0x60 c:/intelfpga_lite/18.1/nios2eds/bin/gnu/h-x86_64-mingw32/bin/../lib/gcc/nios2-elf/5.3.0\libgcc.a(lib2-divmod.o)
 .debug_ranges  0x0000000000000080       0x30 ../pantiltcontroll_bsp/\libhal_bsp.a(altera_avalon_jtag_uart_init.o)
 .debug_ranges  0x00000000000000b0       0x18 ../pantiltcontroll_bsp/\libhal_bsp.a(altera_avalon_jtag_uart_read.o)
 .debug_ranges  0x00000000000000c8       0x28 ../pantiltcontroll_bsp/\libhal_bsp.a(alt_irq_entry.o)
 .debug_ranges  0x00000000000000f0       0x10 ../pantiltcontroll_bsp/\libhal_bsp.a(alt_irq_handler.o)
 .debug_ranges  0x0000000000000100       0x30 ../pantiltcontroll_bsp/\libhal_bsp.a(alt_exception_entry.o)
 .debug_ranges  0x0000000000000130       0x18 ../pantiltcontroll_bsp/\libhal_bsp.a(alt_instruction_exception_entry.o)
 .debug_ranges  0x0000000000000148       0x10 c:/intelfpga_lite/18.1/nios2eds/bin/gnu/h-x86_64-mingw32/bin/../lib/gcc/nios2-elf/5.3.0/../../../../../H-x86_64-mingw32/nios2-elf/lib\libc.a(lib_a-atexit.o)
 .debug_ranges  0x0000000000000158       0x10 c:/intelfpga_lite/18.1/nios2eds/bin/gnu/h-x86_64-mingw32/bin/../lib/gcc/nios2-elf/5.3.0/../../../../../H-x86_64-mingw32/nios2-elf/lib\libc.a(lib_a-exit.o)
 .debug_ranges  0x0000000000000168       0x10 c:/intelfpga_lite/18.1/nios2eds/bin/gnu/h-x86_64-mingw32/bin/../lib/gcc/nios2-elf/5.3.0/../../../../../H-x86_64-mingw32/nios2-elf/lib\libc.a(lib_a-memcmp.o)
 .debug_ranges  0x0000000000000178       0x10 c:/intelfpga_lite/18.1/nios2eds/bin/gnu/h-x86_64-mingw32/bin/../lib/gcc/nios2-elf/5.3.0/../../../../../H-x86_64-mingw32/nios2-elf/lib\libc.a(lib_a-memcpy.o)
 .debug_ranges  0x0000000000000188       0x10 c:/intelfpga_lite/18.1/nios2eds/bin/gnu/h-x86_64-mingw32/bin/../lib/gcc/nios2-elf/5.3.0/../../../../../H-x86_64-mingw32/nios2-elf/lib\libc.a(lib_a-strlen.o)
 .debug_ranges  0x0000000000000198       0x10 c:/intelfpga_lite/18.1/nios2eds/bin/gnu/h-x86_64-mingw32/bin/../lib/gcc/nios2-elf/5.3.0/../../../../../H-x86_64-mingw32/nios2-elf/lib\libc.a(lib_a-__atexit.o)
 .debug_ranges  0x00000000000001a8       0x30 c:/intelfpga_lite/18.1/nios2eds/bin/gnu/h-x86_64-mingw32/bin/../lib/gcc/nios2-elf/5.3.0/../../../../../H-x86_64-mingw32/nios2-elf/lib\libc.a(lib_a-__call_atexit.o)
